Component: ARM Compiler 5.06 update 7 (build 960) Tool: armlink [4d3601]

==============================================================================

Section Cross References

    startup_stm32f10x_md.o(RESET) refers to startup_stm32f10x_md.o(STACK) for __initial_sp
    startup_stm32f10x_md.o(RESET) refers to startup_stm32f10x_md.o(.text) for Reset_Handler
    startup_stm32f10x_md.o(RESET) refers to rtc.o(i.RTC_IRQHandler) for RTC_IRQHandler
    startup_stm32f10x_md.o(RESET) refers to exti.o(i.EXTI0_IRQHandler) for EXTI0_IRQHandler
    startup_stm32f10x_md.o(RESET) refers to exti.o(i.EXTI1_IRQHandler) for EXTI1_IRQHandler
    startup_stm32f10x_md.o(RESET) refers to exti.o(i.EXTI4_IRQHandler) for EXTI4_IRQHandler
    startup_stm32f10x_md.o(RESET) refers to exti.o(i.EXTI9_5_IRQHandler) for EXTI9_5_IRQHandler
    startup_stm32f10x_md.o(RESET) refers to timer.o(i.TIM2_IRQHandler) for TIM2_IRQHandler
    startup_stm32f10x_md.o(RESET) refers to timer.o(i.TIM3_IRQHandler) for TIM3_IRQHandler
    startup_stm32f10x_md.o(RESET) refers to timer.o(i.TIM4_IRQHandler) for TIM4_IRQHandler
    startup_stm32f10x_md.o(RESET) refers to usart.o(i.USART1_IRQHandler) for USART1_IRQHandler
    startup_stm32f10x_md.o(RESET) refers to usart.o(i.USART3_IRQHandler) for USART3_IRQHandler
    startup_stm32f10x_md.o(.text) refers to system_stm32f10x.o(i.SystemInit) for SystemInit
    startup_stm32f10x_md.o(.text) refers to entry.o(.ARM.Collect$$$$00000000) for __main
    system_stm32f10x.o(i.SetSysClock) refers to system_stm32f10x.o(i.SetSysClockTo72) for SetSysClockTo72
    system_stm32f10x.o(i.SystemCoreClockUpdate) refers to system_stm32f10x.o(.data) for SystemCoreClock
    system_stm32f10x.o(i.SystemInit) refers to system_stm32f10x.o(i.SetSysClock) for SetSysClock
    key.o(i.KEY_Scan) refers to delay.o(i.delay_ms) for delay_ms
    key.o(i.KEY_Scan) refers to key.o(.data) for FLAG
    delay.o(i.delay_ms) refers to delay.o(i.delay_us) for delay_us
    delay.o(i.delay_s) refers to delay.o(i.delay_ms) for delay_ms
    sys.o(i.IoT) refers to strstr.o(.text) for strstr
    usart.o(i.USART1_IRQHandler) refers to usart.o(.data) for g_ucUsart1Cnt
    usart.o(i.USART1_IRQHandler) refers to usart.o(.bss) for g_ucUsart1Buff
    usart.o(i.USART3_IRQHandler) refers to usart.o(.data) for g_ucUsart3Cnt
    usart.o(i.USART3_IRQHandler) refers to usart.o(.bss) for g_ucUsart3Buff
    usart.o(i.USARTx_Init) refers to sys.o(i.CM3_NVIC_SetPriority) for CM3_NVIC_SetPriority
    timer.o(i.TIM3_IRQHandler) refers to usart.o(.data) for g_ucUsart1RXFLAG
    timer.o(i.TIM3_IRQHandler) refers to usart.o(.bss) for g_ucUsart3Buff
    timer.o(i.TIM4_IRQHandler) refers to usart.o(.data) for g_ucUsart3RXFLAG
    timer.o(i.TIM4_IRQHandler) refers to usart.o(.bss) for g_ucUsart3Buff
    timer.o(i.TIMx_Init) refers to sys.o(i.CM3_NVIC_SetPriority) for CM3_NVIC_SetPriority
    exti.o(i.EXTI0_IRQHandler) refers to delay.o(i.delay_ms) for delay_ms
    exti.o(i.EXTI0_IRQHandler) refers to usart.o(i.USARTx_SendString) for USARTx_SendString
    exti.o(i.EXTI1_IRQHandler) refers to delay.o(i.delay_ms) for delay_ms
    exti.o(i.EXTI1_IRQHandler) refers to usart.o(i.USARTx_SendString) for USARTx_SendString
    exti.o(i.EXTI1_IRQHandler) refers to dfltui.o(.text) for __aeabi_ui2d
    exti.o(i.EXTI1_IRQHandler) refers to ddiv.o(.text) for __aeabi_ddiv
    exti.o(i.EXTI1_IRQHandler) refers to printfa.o(i.__0printf) for __2printf
    exti.o(i.EXTI1_IRQHandler) refers to timer.o(.data) for ucOverFlowCnt
    exti.o(i.EXTI4_IRQHandler) refers to delay.o(i.delay_ms) for delay_ms
    exti.o(i.EXTI4_IRQHandler) refers to usart.o(i.USARTx_SendString) for USARTx_SendString
    exti.o(i.EXTI9_5_IRQHandler) refers to delay.o(i.delay_ms) for delay_ms
    exti.o(i.EXTI9_5_IRQHandler) refers to usart.o(i.USARTx_SendString) for USARTx_SendString
    exti.o(i.EXTI_Init) refers to key.o(i.KEY_Init) for KEY_Init
    exti.o(i.EXTI_Init) refers to sys.o(i.CM3_NVIC_SetPriority) for CM3_NVIC_SetPriority
    rtc.o(i.RTC_IRQHandler) refers to rtc.o(i.RTC_SecToStd) for RTC_SecToStd
    rtc.o(i.RTC_Init) refers to delay.o(i.delay_ms) for delay_ms
    rtc.o(i.RTC_Init) refers to sys.o(i.CM3_NVIC_SetPriority) for CM3_NVIC_SetPriority
    rtc.o(i.RTC_Renew_Time) refers to strlen.o(.text) for strlen
    rtc.o(i.RTC_Renew_Time) refers to rtc.o(i.RTC_SetStdTime) for RTC_SetStdTime
    rtc.o(i.RTC_Renew_Time) refers to rtc.o(.data) for Clock_Calendar
    rtc.o(i.RTC_SecToStd) refers to rtc.o(i.Year_judge) for Year_judge
    rtc.o(i.RTC_SecToStd) refers to rtc.o(i.RTC_Calculate_Week) for RTC_Calculate_Week
    rtc.o(i.RTC_SecToStd) refers to rtc.o(.data) for Clock_Calendar
    rtc.o(i.RTC_SecToStd) refers to rtc.o(.constdata) for g_tRTC_BaseTime
    rtc.o(i.RTC_SetStdTime) refers to rtc.o(i.RTC_StdToSec) for RTC_StdToSec
    rtc.o(i.RTC_StdToSec) refers to rtc.o(i.Year_judge) for Year_judge
    rtc.o(i.RTC_StdToSec) refers to rtc.o(.constdata) for g_tRTC_BaseTime
[...]
    sin.o(i.sin) refers to rred.o(i.__ieee754_rem_pio2) for __ieee754_rem_pio2
    sin.o(i.sin) refers to cos_i.o(i.__kernel_cos) for __kernel_cos
    sin.o(i.sin) refers to sin_i.o(i.__kernel_sin) for __kernel_sin
    sin_x.o(i.____softfp_sin$lsc) refers (Special) to iusefp.o(.text) for __I$use$fp
    sin_x.o(i.____softfp_sin$lsc) refers to sin_x.o(i.__sin$lsc) for __sin$lsc
    sin_x.o(i.__sin$lsc) refers (Special) to iusefp.o(.text) for __I$use$fp
    sin_x.o(i.__sin$lsc) refers to errno.o(i.__set_errno) for __set_errno
    sin_x.o(i.__sin$lsc) refers to dunder.o(i.__mathlib_dbl_infnan) for __mathlib_dbl_infnan
    sin_x.o(i.__sin$lsc) refers to rred.o(i.__ieee754_rem_pio2) for __ieee754_rem_pio2
    sin_x.o(i.__sin$lsc) refers to cos_i.o(i.__kernel_cos) for __kernel_cos
    sin_x.o(i.__sin$lsc) refers to sin_i.o(i.__kernel_sin) for __kernel_sin
    entry.o(.ARM.Collect$$$$00000000) refers (Special) to entry10a.o(.ARM.Collect$$$$0000000F) for __rt_final_cpp
    entry.o(.ARM.Collect$$$$00000000) refers (Special) to entry11a.o(.ARM.Collect$$$$00000011) for __rt_final_exit
    entry.o(.ARM.Collect$$$$00000000) refers (Special) to entry12b.o(.ARM.Collect$$$$0000000E) for __rt_lib_shutdown_fini
    entry.o(.ARM.Collect$$$$00000000) refers (Special) to entry7b.o(.ARM.Collect$$$$00000008) for _main_clock
    entry.o(.ARM.Collect$$$$00000000) refers (Special) to entry8b.o(.ARM.Collect$$$$0000000A) for _main_cpp_init
    entry.o(.ARM.Collect$$$$00000000) refers (Special) to entry9a.o(.ARM.Collect$$$$0000000B) for _main_init
    entry.o(.ARM.Collect$$$$00000000) refers (Special) to entry5.o(.ARM.Collect$$$$00000004) for _main_scatterload
    entry.o(.ARM.Collect$$$$00000000) refers (Special) to entry2.o(.ARM.Collect$$$$00000001) for _main_stk
    printfb.o(i.__0fprintf$bare) refers to printfb.o(i._printf_core) for _printf_core
    printfb.o(i.__0fprintf$bare) refers to usart.o(i.fputc) for fputc
    printfb.o(i.__0printf$bare) refers to printfb.o(i._printf_core) for _printf_core
    printfb.o(i.__0printf$bare) refers to usart.o(i.fputc) for fputc
    printfb.o(i.__0printf$bare) refers to stdout.o(.data) for __stdout
    printfb.o(i.__0snprintf$bare) refers to printfb.o(i._printf_core) for _printf_core
    printfb.o(i.__0snprintf$bare) refers to printfb.o(i._snputc) for _snputc
    printfb.o(i.__0sprintf$bare) refers to printfb.o(i._printf_core) for _printf_core
    printfb.o(i.__0sprintf$bare) refers to printfb.o(i._sputc) for _sputc
    printfb.o(i.__0vfprintf$bare) refers to printfb.o(i._printf_core) for _printf_core
    printfb.o(i.__0vfprintf$bare) refers to usart.o(i.fputc) for fputc
    printfb.o(i.__0vprintf$bare) refers to printfb.o(i._printf_core) for _printf_core
    printfb.o(i.__0vprintf$bare) refers to usart.o(i.fputc) for fputc
    printfb.o(i.__0vprintf$bare) refers to stdout.o(.data) for __stdout
    printfb.o(i.__0vsnprintf$bare) refers to printfb.o(i._printf_core) for _printf_core
    printfb.o(i.__0vsnprintf$bare) refers to printfb.o(i._snputc) for _snputc
    printfb.o(i.__0vsprintf$bare) refers to printfb.o(i._printf_core) for _printf_core
    printfb.o(i.__0vsprintf$bare) refers to printfb.o(i._sputc) for _sputc
    printf0.o(i.__0fprintf$0) refers to printf0.o(i._printf_core) for _printf_core
    printf0.o(i.__0fprintf$0) refers to usart.o(i.fputc) for fputc
    printf0.o(i.__0printf$0) refers to printf0.o(i._printf_core) for _printf_core
    printf0.o(i.__0printf$0) refers to usart.o(i.fputc) for fputc
    printf0.o(i.__0printf$0) refers to stdout.o(.data) for __stdout
    printf0.o(i.__0snprintf$0) refers to printf0.o(i._printf_core) for _printf_core
    printf0.o(i.__0snprintf$0) refers to printf0.o(i._snputc) for _snputc
    printf0.o(i.__0sprintf$0) refers to printf0.o(i._printf_core) for _printf_core
    printf0.o(i.__0sprintf$0) refers to printf0.o(i._sputc) for _sputc
    printf0.o(i.__0vfprintf$0) refers to printf0.o(i._printf_core) for _printf_core
    printf0.o(i.__0vfprintf$0) refers to usart.o(i.fputc) for fputc
    printf0.o(i.__0vprintf$0) refers to printf0.o(i._printf_core) for _printf_core
    printf0.o(i.__0vprintf$0) refers to usart.o(i.fputc) for fputc
    printf0.o(i.__0vprintf$0) refers to stdout.o(.data) for __stdout
    printf0.o(i.__0vsnprintf$0) refers to printf0.o(i._printf_core) for _printf_core
    printf0.o(i.__0vsnprintf$0) refers to printf0.o(i._snputc) for _snputc
    printf0.o(i.__0vsprintf$0) refers to printf0.o(i._printf_core) for _printf_core
    printf0.o(i.__0vsprintf$0) refers to printf0.o(i._sputc) for _sputc
    printf1.o(i.__0fprintf$1) refers to printf1.o(i._printf_core) for _printf_core
    printf1.o(i.__0fprintf$1) refers to usart.o(i.fputc) for fputc
    printf1.o(i.__0printf$1) refers to printf1.o(i._printf_core) for _printf_core
    printf1.o(i.__0printf$1) refers to usart.o(i.fputc) for fputc
    printf1.o(i.__0printf$1) refers to stdout.o(.data) for __stdout
    printf1.o(i.__0snprintf$1) refers to printf1.o(i._printf_core) for _printf_core
    printf1.o(i.__0snprintf$1) refers to printf1.o(i._snputc) for _snputc
    printf1.o(i.__0sprintf$1) refers to printf1.o(i._printf_core) for _printf_core
    printf1.o(i.__0sprintf$1) refers to printf1.o(i._sputc) for _sputc
    printf1.o(i.__0vfprintf$1) refers to printf1.o(i._printf_core) for _printf_core
    printf1.o(i.__0vfprintf$1) refers to usart.o(i.fputc) for fputc
    printf1.o(i.__0vprintf$1) refers to printf1.o(i._printf_core) for _printf_core
    printf1.o(i.__0vprintf$1) refers to usart.o(i.fputc) for fputc
    printf1.o(i.__0vprintf$1) refers to stdout.o(.data) for __stdout
    printf1.o(i.__0vsnprintf$1) refers to printf1.o(i._printf_core) for _printf_core
    printf1.o(i.__0vsnprintf$1) refers to printf1.o(i._snputc) for _snputc
    printf1.o(i.__0vsprintf$1) refers to printf1.o(i._printf_core) for _printf_core
    printf1.o(i.__0vsprintf$1) refers to printf1.o(i._sputc) for _sputc
    printf1.o(i._printf_core) refers to uidiv.o(.text) for __aeabi_uidivmod
    printf2.o(i.__0fprintf$2) refers to printf2.o(i._printf_core) for _printf_core
    printf2.o(i.__0fprintf$2) refers to usart.o(i.fputc) for fputc
    printf2.o(i.__0printf$2) refers to printf2.o(i._printf_core) for _printf_core
    printf2.o(i.__0printf$2) refers to usart.o(i.fputc) for fputc
    printf2.o(i.__0printf$2) refers to stdout.o(.data) for __stdout
    printf2.o(i.__0snprintf$2) refers to printf2.o(i._printf_core) for _printf_core
    printf2.o(i.__0snprintf$2) refers to printf2.o(i._snputc) for _snputc
    printf2.o(i.__0sprintf$2) refers to printf2.o(i._printf_core) for _printf_core
    printf2.o(i.__0sprintf$2) refers to printf2.o(i._sputc) for _sputc
    printf2.o(i.__0vfprintf$2) refers to printf2.o(i._printf_core) for _printf_core
    printf2.o(i.__0vfprintf$2) refers to usart.o(i.fputc) for fputc
    printf2.o(i.__0vprintf$2) refers to printf2.o(i._printf_core) for _printf_core
    printf2.o(i.__0vprintf$2) refers to usart.o(i.fputc) for fputc
    printf2.o(i.__0vprintf$2) refers to stdout.o(.data) for __stdout
    printf2.o(i.__0vsnprintf$2) refers to printf2.o(i._printf_core) for _printf_core
    printf2.o(i.__0vsnprintf$2) refers to printf2.o(i._snputc) for _snputc
    printf2.o(i.__0vsprintf$2) refers to printf2.o(i._printf_core) for _printf_core
    printf2.o(i.__0vsprintf$2) refers to printf2.o(i._sputc) for _sputc
    printf3.o(i.__0fprintf$3) refers to printf3.o(i._printf_core) for _printf_core
    printf3.o(i.__0fprintf$3) refers to usart.o(i.fputc) for fputc
    printf3.o(i.__0printf$3) refers to printf3.o(i._printf_core) for _printf_core
    printf3.o(i.__0printf$3) refers to usart.o(i.fputc) for fputc
    printf3.o(i.__0printf$3) refers to stdout.o(.data) for __stdout
    printf3.o(i.__0snprintf$3) refers to printf3.o(i._printf_core) for _printf_core
    printf3.o(i.__0snprintf$3) refers to printf3.o(i._snputc) for _snputc
    printf3.o(i.__0sprintf$3) refers to printf3.o(i._printf_core) for _printf_core
    printf3.o(i.__0sprintf$3) refers to printf3.o(i._sputc) for _sputc
    printf3.o(i.__0vfprintf$3) refers to printf3.o(i._printf_core) for _printf_core
    printf3.o(i.__0vfprintf$3) refers to usart.o(i.fputc) for fputc
    printf3.o(i.__0vprintf$3) refers to printf3.o(i._printf_core) for _printf_core
    printf3.o(i.__0vprintf$3) refers to usart.o(i.fputc) for fputc
    printf3.o(i.__0vprintf$3) refers to stdout.o(.data) for __stdout
    printf3.o(i.__0vsnprintf$3) refers to printf3.o(i._printf_core) for _printf_core
    printf3.o(i.__0vsnprintf$3) refers to printf3.o(i._snputc) for _snputc
    printf3.o(i.__0vsprintf$3) refers to printf3.o(i._printf_core) for _printf_core
    printf3.o(i.__0vsprintf$3) refers to printf3.o(i._sputc) for _sputc
    printf3.o(i._printf_core) refers to uidiv.o(.text) for __aeabi_uidivmod
    printf4.o(i.__0fprintf$4) refers to printf4.o(i._printf_core) for _printf_core
    printf4.o(i.__0fprintf$4) refers to usart.o(i.fputc) for fputc
    printf4.o(i.__0printf$4) refers to printf4.o(i._printf_core) for _printf_core
    printf4.o(i.__0printf$4) refers to usart.o(i.fputc) for fputc
    printf4.o(i.__0printf$4) refers to stdout.o(.data) for __stdout
    printf4.o(i.__0snprintf$4) refers to printf4.o(i._printf_core) for _printf_core
    printf4.o(i.__0snprintf$4) refers to printf4.o(i._snputc) for _snputc
    printf4.o(i.__0sprintf$4) refers to printf4.o(i._printf_core) for _printf_core
    printf4.o(i.__0sprintf$4) refers to printf4.o(i._sputc) for _sputc
    printf4.o(i.__0vfprintf$4) refers to printf4.o(i._printf_core) for _printf_core
    printf4.o(i.__0vfprintf$4) refers to usart.o(i.fputc) for fputc
    printf4.o(i.__0vprintf$4) refers to printf4.o(i._printf_core) for _printf_core
    printf4.o(i.__0vprintf$4) refers to usart.o(i.fputc) for fputc
    printf4.o(i.__0vprintf$4) refers to stdout.o(.data) for __stdout
    printf4.o(i.__0vsnprintf$4) refers to printf4.o(i._printf_core) for _printf_core
    printf4.o(i.__0vsnprintf$4) refers to printf4.o(i._snputc) for _snputc
    printf4.o(i.__0vsprintf$4) refers to printf4.o(i._printf_core) for _printf_core
    printf4.o(i.__0vsprintf$4) refers to printf4.o(i._sputc) for _sputc
    printf4.o(i._printf_core) refers to uldiv.o(.text) for __aeabi_uldivmod
    printf5.o(i.__0fprintf$5) refers to printf5.o(i._printf_core) for _printf_core
    printf5.o(i.__0fprintf$5) refers to usart.o(i.fputc) for fputc
    printf5.o(i.__0printf$5) refers to printf5.o(i._printf_core) for _printf_core
    printf5.o(i.__0printf$5) refers to usart.o(i.fputc) for fputc
    printf5.o(i.__0printf$5) refers to stdout.o(.data) for __stdout
    printf5.o(i.__0snprintf$5) refers to printf5.o(i._printf_core) for _printf_core
    printf5.o(i.__0snprintf$5) refers to printf5.o(i._snputc) for _snputc
    printf5.o(i.__0sprintf$5) refers to printf5.o(i._printf_core) for _printf_core
    printf5.o(i.__0sprintf$5) refers to printf5.o(i._sputc) for _sputc
    printf5.o(i.__0vfprintf$5) refers to printf5.o(i._printf_core) for _printf_core
    printf5.o(i.__0vfprintf$5) refers to usart.o(i.fputc) for fputc
    printf5.o(i.__0vprintf$5) refers to printf5.o(i._printf_core) for _printf_core
    printf5.o(i.__0vprintf$5) refers to usart.o(i.fputc) for fputc
    printf5.o(i.__0vprintf$5) refers to stdout.o(.data) for __stdout
    printf5.o(i.__0vsnprintf$5) refers to printf5.o(i._printf_core) for _printf_core
    printf5.o(i.__0vsnprintf$5) refers to printf5.o(i._snputc) for _snputc
    printf5.o(i.__0vsprintf$5) refers to printf5.o(i._printf_core) for _printf_core
    printf5.o(i.__0vsprintf$5) refers to printf5.o(i._sputc) for _sputc
    printf5.o(i._printf_core) refers to uldiv.o(.text) for __aeabi_uldivmod
    printf6.o(i.__0fprintf$6) refers to printf6.o(i._printf_core) for _printf_core
    printf6.o(i.__0fprintf$6) refers to usart.o(i.fputc) for fputc
    printf6.o(i.__0printf$6) refers to printf6.o(i._printf_core) for _printf_core
    printf6.o(i.__0printf$6) refers to usart.o(i.fputc) for fputc
    printf6.o(i.__0printf$6) refers to stdout.o(.data) for __stdout
    printf6.o(i.__0snprintf$6) refers to printf6.o(i._printf_core) for _printf_core
    printf6.o(i.__0snprintf$6) refers to printf6.o(i._snputc) for _snputc
    printf6.o(i.__0sprintf$6) refers to printf6.o(i._printf_core) for _printf_core
    printf6.o(i.__0sprintf$6) refers to printf6.o(i._sputc) for _sputc
    printf6.o(i.__0vfprintf$6) refers to printf6.o(i._printf_core) for _printf_core
    printf6.o(i.__0vfprintf$6) refers to usart.o(i.fputc) for fputc
    printf6.o(i.__0vprintf$6) refers to printf6.o(i._printf_core) for _printf_core
    printf6.o(i.__0vprintf$6) refers to usart.o(i.fputc) for fputc
    printf6.o(i.__0vprintf$6) refers to stdout.o(.data) for __stdout
    printf6.o(i.__0vsnprintf$6) refers to printf6.o(i._printf_core) for _printf_core
    printf6.o(i.__0vsnprintf$6) refers to printf6.o(i._snputc) for _snputc
    printf6.o(i.__0vsprintf$6) refers to printf6.o(i._printf_core) for _printf_core
    printf6.o(i.__0vsprintf$6) refers to printf6.o(i._sputc) for _sputc
    printf6.o(i._printf_core) refers to printf6.o(i._printf_pre_padding) for _printf_pre_padding
    printf6.o(i._printf_core) refers to uidiv.o(.text) for __aeabi_uidivmod
    printf6.o(i._printf_core) refers to printf6.o(i._printf_post_padding) for _printf_post_padding
    printf7.o(i.__0fprintf$7) refers to printf7.o(i._printf_core) for _printf_core
    printf7.o(i.__0fprintf$7) refers to usart.o(i.fputc) for fputc
    printf7.o(i.__0printf$7) refers to printf7.o(i._printf_core) for _printf_core
    printf7.o(i.__0printf$7) refers to usart.o(i.fputc) for fputc
    printf7.o(i.__0printf$7) refers to stdout.o(.data) for __stdout
    printf7.o(i.__0snprintf$7) refers to printf7.o(i._printf_core) for _printf_core
    printf7.o(i.__0snprintf$7) refers to printf7.o(i._snputc) for _snputc
    printf7.o(i.__0sprintf$7) refers to printf7.o(i._printf_core) for _printf_core
    printf7.o(i.__0sprintf$7) refers to printf7.o(i._sputc) for _sputc
    printf7.o(i.__0vfprintf$7) refers to printf7.o(i._printf_core) for _printf_core
    printf7.o(i.__0vfprintf$7) refers to usart.o(i.fputc) for fputc
    printf7.o(i.__0vprintf$7) refers to printf7.o(i._printf_core) for _printf_core
    printf7.o(i.__0vprintf$7) refers to usart.o(i.fputc) for fputc
    printf7.o(i.__0vprintf$7) refers to stdout.o(.data) for __stdout
    printf7.o(i.__0vsnprintf$7) refers to printf7.o(i._printf_core) for _printf_core
    printf7.o(i.__0vsnprintf$7) refers to printf7.o(i._snputc) for _snputc
    printf7.o(i.__0vsprintf$7) refers to printf7.o(i._printf_core) for _printf_core
    printf7.o(i.__0vsprintf$7) refers to printf7.o(i._sputc) for _sputc
    printf7.o(i._printf_core) refers to printf7.o(i._printf_pre_padding) for _printf_pre_padding
    printf7.o(i._printf_core) refers to uldiv.o(.text) for __aeabi_uldivmod
    printf7.o(i._printf_core) refers to printf7.o(i._printf_post_padding) for _printf_post_padding
    printf8.o(i.__0fprintf$8) refers to printf8.o(i._printf_core) for _printf_core
    printf8.o(i.__0fprintf$8) refers to usart.o(i.fputc) for fputc
    printf8.o(i.__0printf$8) refers to printf8.o(i._printf_core) for _printf_core
    printf8.o(i.__0printf$8) refers to usart.o(i.fputc) for fputc
    printf8.o(i.__0printf$8) refers to stdout.o(.data) for __stdout
    printf8.o(i.__0snprintf$8) refers to printf8.o(i._printf_core) for _printf_core
    printf8.o(i.__0snprintf$8) refers to printf8.o(i._snputc) for _snputc
    printf8.o(i.__0sprintf$8) refers to printf8.o(i._printf_core) for _printf_core
    printf8.o(i.__0sprintf$8) refers to printf8.o(i._sputc) for _sputc
    printf8.o(i.__0vfprintf$8) refers to printf8.o(i._printf_core) for _printf_core
    printf8.o(i.__0vfprintf$8) refers to usart.o(i.fputc) for fputc
    printf8.o(i.__0vprintf$8) refers to printf8.o(i._printf_core) for _printf_core
    printf8.o(i.__0vprintf$8) refers to usart.o(i.fputc) for fputc
    printf8.o(i.__0vprintf$8) refers to stdout.o(.data) for __stdout
    printf8.o(i.__0vsnprintf$8) refers to printf8.o(i._printf_core) for _printf_core
    printf8.o(i.__0vsnprintf$8) refers to printf8.o(i._snputc) for _snputc
    printf8.o(i.__0vsprintf$8) refers to printf8.o(i._printf_core) for _printf_core
    printf8.o(i.__0vsprintf$8) refers to printf8.o(i._sputc) for _sputc
    printf8.o(i._printf_core) refers to printf8.o(i._printf_pre_padding) for _printf_pre_padding
    printf8.o(i._printf_core) refers to uldiv.o(.text) for __aeabi_uldivmod
    printf8.o(i._printf_core) refers to printf8.o(i._printf_post_padding) for _printf_post_padding
    printfa.o(i.__0fprintf) refers (Special) to iusefp.o(.text) for __I$use$fp
    printfa.o(i.__0fprintf) refers to printfa.o(i._printf_core) for _printf_core
    printfa.o(i.__0fprintf) refers to usart.o(i.fputc) for fputc
    printfa.o(i.__0printf) refers (Special) to iusefp.o(.text) for __I$use$fp
    printfa.o(i.__0printf) refers to printfa.o(i._printf_core) for _printf_core
    printfa.o(i.__0printf) refers to usart.o(i.fputc) for fputc
    printfa.o(i.__0printf) refers to stdout.o(.data) for __stdout
    printfa.o(i.__0snprintf) refers (Special) to iusefp.o(.text) for __I$use$fp
    printfa.o(i.__0snprintf) refers to printfa.o(i._printf_core) for _printf_core
    printfa.o(i.__0snprintf) refers to printfa.o(i._snputc) for _snputc
    printfa.o(i.__0sprintf) refers (Special) to iusefp.o(.text) for __I$use$fp
    printfa.o(i.__0sprintf) refers to printfa.o(i._printf_core) for _printf_core
    printfa.o(i.__0sprintf) refers to printfa.o(i._sputc) for _sputc
    printfa.o(i.__0vfprintf) refers (Special) to iusefp.o(.text) for __I$use$fp
    printfa.o(i.__0vfprintf) refers to printfa.o(i._printf_core) for _printf_core
    printfa.o(i.__0vfprintf) refers to usart.o(i.fputc) for fputc
    printfa.o(i.__0vprintf) refers (Special) to iusefp.o(.text) for __I$use$fp
    printfa.o(i.__0vprintf) refers to printfa.o(i._printf_core) for _printf_core
    printfa.o(i.__0vprintf) refers to usart.o(i.fputc) for fputc
    printfa.o(i.__0vprintf) refers to stdout.o(.data) for __stdout
    printfa.o(i.__0vsnprintf) refers (Special) to iusefp.o(.text) for __I$use$fp
    printfa.o(i.__0vsnprintf) refers to printfa.o(i._printf_core) for _printf_core
    printfa.o(i.__0vsnprintf) refers to printfa.o(i._snputc) for _snputc
    printfa.o(i.__0vsprintf) refers (Special) to iusefp.o(.text) for __I$use$fp
    printfa.o(i.__0vsprintf) refers to printfa.o(i._printf_core) for _printf_core
    printfa.o(i.__0vsprintf) refers to printfa.o(i._sputc) for _sputc
    printfa.o(i._fp_digits) refers (Special) to iusefp.o(.text) for __I$use$fp
    printfa.o(i._fp_digits) refers to dmul.o(.text) for __aeabi_dmul
    printfa.o(i._fp_digits) refers to ddiv.o(.text) for __aeabi_ddiv
    printfa.o(i._fp_digits) refers to cdrcmple.o(.text) for __aeabi_cdrcmple
    printfa.o(i._fp_digits) refers to dadd.o(.text) for __aeabi_dadd
    printfa.o(i._fp_digits) refers to dfixul.o(.text) for __aeabi_d2ulz
    printfa.o(i._fp_digits) refers to uldiv.o(.text) for __aeabi_uldivmod
    printfa.o(i._printf_core) refers (Special) to iusefp.o(.text) for __I$use$fp
    printfa.o(i._printf_core) refers to printfa.o(i._printf_pre_padding) for _printf_pre_padding
    printfa.o(i._printf_core) refers to uldiv.o(.text) for __aeabi_uldivmod
    printfa.o(i._printf_core) refers to printfa.o(i._printf_post_padding) for _printf_post_padding
    printfa.o(i._printf_core) refers to printfa.o(i._fp_digits) for _fp_digits
    printfa.o(i._printf_core) refers to uidiv.o(.text) for __aeabi_uidivmod
    printfa.o(i._printf_post_padding) refers (Special) to iusefp.o(.text) for __I$use$fp
    printfa.o(i._printf_pre_padding) refers (Special) to iusefp.o(.text) for __I$use$fp
    printfa.o(i._snputc) refers (Special) to iusefp.o(.text) for __I$use$fp
    printfa.o(i._sputc) refers (Special) to iusefp.o(.text) for __I$use$fp
    dmul.o(.text) refers (Special) to iusefp.o(.text) for __I$use$fp
    dmul.o(.text) refers to depilogue.o(.text) for _double_epilogue
    ddiv.o(.text) refers (Special) to iusefp.o(.text) for __I$use$fp
    ddiv.o(.text) refers to depilogue.o(.text) for _double_round
    dflti.o(.text) refers (Special) to iusefp.o(.text) for __I$use$fp
    dflti.o(.text) refers to depilogue.o(.text) for _double_epilogue
    dfltui.o(.text) refers (Special) to iusefp.o(.text) for __I$use$fp
    dfltui.o(.text) refers to depilogue.o(.text) for _double_epilogue
    dfixi.o(.text) refers (Special) to iusefp.o(.text) for __I$use$fp
    dfixi.o(.text) refers to llushr.o(.text) for __aeabi_llsr
    f2d.o(.text) refers (Special) to iusefp.o(.text) for __I$use$fp
    d2f.o(.text) refers (Special) to iusefp.o(.text) for __I$use$fp
    d2f.o(.text) refers to fepilogue.o(.text) for _float_round
    cos_i.o(i.__kernel_cos) refers (Special) to iusefp.o(.text) for __I$use$fp
    cos_i.o(i.__kernel_cos) refers to dfixi.o(.text) for __aeabi_d2iz
    cos_i.o(i.__kernel_cos) refers to dmul.o(.text) for __aeabi_dmul
    cos_i.o(i.__kernel_cos) refers to poly.o(i.__kernel_poly) for __kernel_poly
    cos_i.o(i.__kernel_cos) refers to dadd.o(.text) for __aeabi_dsub
    cos_i.o(i.__kernel_cos) refers to dscalb.o(.text) for __ARM_scalbn
    cos_i.o(i.__kernel_cos) refers to cos_i.o(.constdata) for .constdata
    cos_i.o(.constdata) refers (Special) to iusefp.o(.text) for __I$use$fp
    dunder.o(i.__mathlib_dbl_divzero) refers to ddiv.o(.text) for __aeabi_ddiv
    dunder.o(i.__mathlib_dbl_infnan) refers to dscalb.o(.text) for __ARM_scalbn
    dunder.o(i.__mathlib_dbl_infnan2) refers to dadd.o(.text) for __aeabi_dadd
    dunder.o(i.__mathlib_dbl_invalid) refers to ddiv.o(.text) for __aeabi_ddiv
    dunder.o(i.__mathlib_dbl_overflow) refers to dscalb.o(.text) for __ARM_scalbn
    dunder.o(i.__mathlib_dbl_posinfnan) refers to dmul.o(.text) for __aeabi_dmul
    dunder.o(i.__mathlib_dbl_underflow) refers to dscalb.o(.text) for __ARM_scalbn
    rred.o(i.__ieee754_rem_pio2) refers (Special) to iusefp.o(.text) for __I$use$fp
    rred.o(i.__ieee754_rem_pio2) refers to dadd.o(.text) for __aeabi_dsub
    rred.o(i.__ieee754_rem_pio2) refers to dmul.o(.text) for __aeabi_dmul
    rred.o(i.__ieee754_rem_pio2) refers to dfixi.o(.text) for __aeabi_d2iz
    rred.o(i.__ieee754_rem_pio2) refers to dflti.o(.text) for __aeabi_i2d
    rred.o(i.__ieee754_rem_pio2) refers to dfltui.o(.text) for __aeabi_ui2d
    rred.o(i.__ieee754_rem_pio2) refers to dscalb.o(.text) for __ARM_scalbn
    rred.o(i.__ieee754_rem_pio2) refers to rred.o(.constdata) for .constdata
    rred.o(i.__use_accurate_range_reduction) refers (Special) to iusefp.o(.text) for __I$use$fp
    rred.o(.constdata) refers (Special) to iusefp.o(.text) for __I$use$fp
    sin_i.o(i.__kernel_sin) refers (Special) to iusefp.o(.text) for __I$use$fp
    sin_i.o(i.__kernel_sin) refers to fpclassify.o(i.__ARM_fpclassify) for __ARM_fpclassify
    sin_i.o(i.__kernel_sin) refers to dunder.o(i.__mathlib_dbl_underflow) for __mathlib_dbl_underflow
    sin_i.o(i.__kernel_sin) refers to dmul.o(.text) for __aeabi_dmul
    sin_i.o(i.__kernel_sin) refers to poly.o(i.__kernel_poly) for __kernel_poly
    sin_i.o(i.__kernel_sin) refers to dscalb.o(.text) for __ARM_scalbn
    sin_i.o(i.__kernel_sin) refers to dadd.o(.text) for __aeabi_dsub
    sin_i.o(i.__kernel_sin) refers to sin_i.o(.constdata) for .constdata
    sin_i.o(.constdata) refers (Special) to iusefp.o(.text) for __I$use$fp
    sin_i_x.o(i.____kernel_sin$lsc) refers (Special) to iusefp.o(.text) for __I$use$fp
    sin_i_x.o(i.____kernel_sin$lsc) refers to dmul.o(.text) for __aeabi_dmul
    sin_i_x.o(i.____kernel_sin$lsc) refers to poly.o(i.__kernel_poly) for __kernel_poly
    sin_i_x.o(i.____kernel_sin$lsc) refers to dscalb.o(.text) for __ARM_scalbn
    sin_i_x.o(i.____kernel_sin$lsc) refers to dadd.o(.text) for __aeabi_dsub
    sin_i_x.o(i.____kernel_sin$lsc) refers to sin_i_x.o(.constdata) for .constdata
    sin_i_x.o(.constdata) refers (Special) to iusefp.o(.text) for __I$use$fp
    entry2.o(.ARM.Collect$$$$00000001) refers to entry2.o(.ARM.Collect$$$$00002712) for __lit__00000000
    entry2.o(.ARM.Collect$$$$00002712) refers to startup_stm32f10x_md.o(STACK) for __initial_sp
    entry2.o(__vectab_stack_and_reset_area) refers to startup_stm32f10x_md.o(STACK) for __initial_sp
    entry2.o(__vectab_stack_and_reset_area) refers to entry.o(.ARM.Collect$$$$00000000) for __main
    entry5.o(.ARM.Collect$$$$00000004) refers to init.o(.text) for __scatterload
    entry9a.o(.ARM.Collect$$$$0000000B) refers to main.o(i.main) for main
    entry9b.o(.ARM.Collect$$$$0000000C) refers to main.o(i.main) for main
    uldiv.o(.text) refers to llushr.o(.text) for __aeabi_llsr
    uldiv.o(.text) refers to llshl.o(.text) for __aeabi_llsl
    errno.o(i.__aeabi_errno_addr) refers to errno.o(.data) for .data
    errno.o(i.__read_errno) refers to errno.o(.data) for .data
    errno.o(i.__set_errno) refers to errno.o(.data) for .data
    depilogue.o(.text) refers to llshl.o(.text) for __aeabi_llsl
    depilogue.o(.text) refers to llushr.o(.text) for __aeabi_llsr
    dadd.o(.text) refers to llshl.o(.text) for __aeabi_llsl
    dadd.o(.text) refers to llsshr.o(.text) for __aeabi_lasr
    dadd.o(.text) refers to depilogue.o(.text) for _double_epilogue
    dfixul.o(.text) refers to llushr.o(.text) for __aeabi_llsr
    dfixul.o(.text) refers to llshl.o(.text) for __aeabi_llsl
    fpclassify.o(i.__ARM_fpclassify) refers (Special) to iusefp.o(.text) for __I$use$fp
    poly.o(i.__kernel_poly) refers (Special) to iusefp.o(.text) for __I$use$fp
    poly.o(i.__kernel_poly) refers to dmul.o(.text) for __aeabi_dmul
    poly.o(i.__kernel_poly) refers to dadd.o(.text) for __aeabi_dadd
    init.o(.text) refers to entry5.o(.ARM.Collect$$$$00000004) for __main_after_scatterload


==============================================================================

Removing Unused input sections from the image.

    Removing core_cm3.o(.emb_text), (32 bytes).
    Removing startup_stm32f10x_md.o(HEAP), (512 bytes).
    Removing system_stm32f10x.o(i.SystemCoreClockUpdate), (164 bytes).
    Removing system_stm32f10x.o(.data), (20 bytes).
    Removing delay.o(i.delay_s), (26 bytes).
    Removing exti.o(i.EXTI_Init), (168 bytes).
    Removing oled.o(i.Display_CHN), (84 bytes).
    Removing oled.o(i.Display_String), (148 bytes).
    Removing oled.o(i.GUI_Draw_AngleLine), (184 bytes).
    Removing oled.o(i.GUI_Draw_Circle), (186 bytes).
    Removing oled.o(i.GUI_Draw_Line), (174 bytes).
    Removing oled.o(i.GUI_Draw_Rect), (74 bytes).
    Removing oled.o(i.GUI_Fill_Rect), (56 bytes).
    Removing oled.o(i.OLED_DisplayDAT), (100 bytes).
    Removing dma.o(i.DMA1_Channelx_MtoM_Init), (84 bytes).
    Removing dma.o(i.DMA1_Channelx_MtoP_Init), (88 bytes).
    Removing dma.o(i.DMA1_Channelx_PtoM_Init), (80 bytes).
    Removing dma.o(i.DMAx_Channelx_Start), (26 bytes).
    Removing dflti.o(.text), (34 bytes).
    Removing dfixi.o(.text), (62 bytes).
    Removing dscalb.o(.text), (46 bytes).

21 unused section(s) (total 2348 bytes) removed from the image.

==============================================================================

Image Symbol Table

    Local Symbols

    Symbol Name                              Value     Ov Type        Size  Object(Section)

    ../clib/../cmprslib/zerorunl2.c          0x00000000   Number         0  __dczerorl2.o ABSOLUTE
    ../clib/microlib/division.c              0x00000000   Number         0  uidiv.o ABSOLUTE
    ../clib/microlib/division.c              0x00000000   Number         0  uldiv.o ABSOLUTE
    ../clib/microlib/errno.c                 0x00000000   Number         0  errno.o ABSOLUTE
    ../clib/microlib/init/entry.s            0x00000000   Number         0  entry10b.o ABSOLUTE
    ../clib/microlib/init/entry.s            0x00000000   Number         0  entry10a.o ABSOLUTE
    ../clib/microlib/init/entry.s            0x00000000   Number         0  entry8a.o ABSOLUTE
    ../clib/microlib/init/entry.s            0x00000000   Number         0  entry9b.o ABSOLUTE
    ../clib/microlib/init/entry.s            0x00000000   Number         0  entry2.o ABSOLUTE
    ../clib/microlib/init/entry.s            0x00000000   Number         0  entry12b.o ABSOLUTE
    ../clib/microlib/init/entry.s            0x00000000   Number         0  entry12a.o ABSOLUTE
    ../clib/microlib/init/entry.s            0x00000000   Number         0  entry7b.o ABSOLUTE
    ../clib/microlib/init/entry.s            0x00000000   Number         0  entry7a.o ABSOLUTE
    ../clib/microlib/init/entry.s            0x00000000   Number         0  entry11b.o ABSOLUTE
    ../clib/microlib/init/entry.s            0x00000000   Number         0  entry5.o ABSOLUTE
    ../clib/microlib/init/entry.s            0x00000000   Number         0  entry11a.o ABSOLUTE
    ../clib/microlib/init/entry.s            0x00000000   Number         0  entry9a.o ABSOLUTE
    ../clib/microlib/init/entry.s            0x00000000   Number         0  entry.o ABSOLUTE
    ../clib/microlib/init/entry.s            0x00000000   Number         0  entry8b.o ABSOLUTE
    ../clib/microlib/longlong.c              0x00000000   Number         0  llsshr.o ABSOLUTE
    ../clib/microlib/longlong.c              0x00000000   Number         0  llshl.o ABSOLUTE
    ../clib/microlib/longlong.c              0x00000000   Number         0  llushr.o ABSOLUTE
    ../clib/microlib/printf/printf.c         0x00000000   Number         0  printfa.o ABSOLUTE
    ../clib/microlib/printf/printf.c         0x00000000   Number         0  printf6.o ABSOLUTE
    ../clib/microlib/printf/printf.c         0x00000000   Number         0  printf0.o ABSOLUTE
    ../clib/microlib/printf/printf.c         0x00000000   Number         0  printfb.o ABSOLUTE
    ../clib/microlib/printf/printf.c         0x00000000   Number         0  printf8.o ABSOLUTE
    ../clib/microlib/printf/printf.c         0x00000000   Number         0  printf7.o ABSOLUTE
    ../clib/microlib/printf/printf.c         0x00000000   Number         0  printf1.o ABSOLUTE
    ../clib/microlib/printf/printf.c         0x00000000   Number         0  printf3.o ABSOLUTE
    ../clib/microlib/printf/printf.c         0x00000000   Number         0  printf4.o ABSOLUTE
    ../clib/microlib/printf/printf.c         0x00000000   Number         0  printf5.o ABSOLUTE
    ../clib/microlib/printf/printf.c         0x00000000   Number         0  printf2.o ABSOLUTE
    ../clib/microlib/printf/stubs.s          0x00000000   Number         0  stubs.o ABSOLUTE
    ../clib/microlib/stdio/streams.c         0x00000000   Number         0  stdout.o ABSOLUTE
    ../clib/microlib/string/memset.c         0x00000000   Number         0  memseta.o ABSOLUTE
    ../clib/microlib/string/strlen.c         0x00000000   Number         0  strlen.o ABSOLUTE
    ../clib/microlib/string/strncpy.c        0x00000000   Number         0  strncpy.o ABSOLUTE
    ../clib/microlib/string/strstr.c         0x00000000   Number         0  strstr.o ABSOLUTE
    ../clib/microlib/stubs.s                 0x00000000   Number         0  iusefp.o ABSOLUTE
    ../fplib/microlib/d2f.c                  0x00000000   Number         0  d2f.o ABSOLUTE
    ../fplib/microlib/f2d.c                  0x00000000   Number         0  f2d.o ABSOLUTE
    ../fplib/microlib/fpadd.c                0x00000000   Number         0  dadd.o ABSOLUTE
    ../fplib/microlib/fpdiv.c                0x00000000   Number         0  ddiv.o ABSOLUTE
    ../fplib/microlib/fpepilogue.c           0x00000000   Number         0  fepilogue.o ABSOLUTE
    ../fplib/microlib/fpepilogue.c           0x00000000   Number         0  depilogue.o ABSOLUTE
    ../fplib/microlib/fpfix.c                0x00000000   Number         0  dfixi.o ABSOLUTE
    ../fplib/microlib/fpfix.c                0x00000000   Number         0  dfixul.o ABSOLUTE
    ../fplib/microlib/fpflt.c                0x00000000   Number         0  dfltui.o ABSOLUTE
    ../fplib/microlib/fpflt.c                0x00000000   Number         0  dflti.o ABSOLUTE
    ../fplib/microlib/fpmul.c                0x00000000   Number         0  dmul.o ABSOLUTE
    ../fplib/microlib/fpscalb.c              0x00000000   Number         0  dscalb.o ABSOLUTE
    ../mathlib/cos.c                         0x00000000   Number         0  cos.o ABSOLUTE
    ../mathlib/cos.c                         0x00000000   Number         0  cos_x.o ABSOLUTE
    ../mathlib/cos_i.c                       0x00000000   Number         0  cos_i.o ABSOLUTE
    ../mathlib/dunder.c                      0x00000000   Number         0  dunder.o ABSOLUTE
    ../mathlib/fpclassify.c                  0x00000000   Number         0  fpclassify.o ABSOLUTE
    ../mathlib/poly.c                        0x00000000   Number         0  poly.o ABSOLUTE
    ../mathlib/rred.c                        0x00000000   Number         0  rred.o ABSOLUTE
    ../mathlib/sin.c                         0x00000000   Number         0  sin.o ABSOLUTE
    ../mathlib/sin.c                         0x00000000   Number         0  sin_x.o ABSOLUTE
    ../mathlib/sin_i.c                       0x00000000   Number         0  sin_i_x.o ABSOLUTE
    ../mathlib/sin_i.c                       0x00000000   Number         0  sin_i.o ABSOLUTE
    ..\SYSLIB\core_cm3.c                     0x00000000   Number         0  core_cm3.o ABSOLUTE
    ..\SYSLIB\startup_stm32f10x_md.s         0x00000000   Number         0  startup_stm32f10x_md.o ABSOLUTE
    ..\SYSLIB\system_stm32f10x.c             0x00000000   Number         0  system_stm32f10x.o ABSOLUTE
    ..\SYSTEM\BEEP\beep.c                    0x00000000   Number         0  beep.o ABSOLUTE
    ..\SYSTEM\DELAY\delay.c                  0x00000000   Number         0  delay.o ABSOLUTE
    ..\SYSTEM\DMA\dma.c                      0x00000000   Number         0  dma.o ABSOLUTE
    ..\SYSTEM\DS18B20\ds18b20.c              0x00000000   Number         0  ds18b20.o ABSOLUTE
    ..\SYSTEM\ESP8266\esp8266.c              0x00000000   Number         0  esp8266.o ABSOLUTE
    ..\SYSTEM\EXTI\exti.c                    0x00000000   Number         0  exti.o ABSOLUTE
    ..\SYSTEM\KEY\key.c                      0x00000000   Number         0  key.o ABSOLUTE
    ..\SYSTEM\LED\led.c                      0x00000000   Number         0  led.o ABSOLUTE
    ..\SYSTEM\MENU\menu.c                    0x00000000   Number         0  menu.o ABSOLUTE
    ..\SYSTEM\OLED\oled.c                    0x00000000   Number         0  oled.o ABSOLUTE
    ..\SYSTEM\OLED\oled_font.c               0x00000000   Number         0  oled_font.o ABSOLUTE
    ..\SYSTEM\RTC\rtc.c                      0x00000000   Number         0  rtc.o ABSOLUTE
    ..\SYSTEM\SYS\sys.c                      0x00000000   Number         0  sys.o ABSOLUTE
    ..\SYSTEM\TIM\timer.c                    0x00000000   Number         0  timer.o ABSOLUTE
    ..\SYSTEM\USART\usart.c                  0x00000000   Number         0  usart.o ABSOLUTE
    ..\SYSTEM\WHILE1\while1.c                0x00000000   Number         0  while1.o ABSOLUTE
    ..\USER\main.c                           0x00000000   Number         0  main.o ABSOLUTE
    ..\\SYSLIB\\core_cm3.c                   0x00000000   Number         0  core_cm3.o ABSOLUTE
    cdrcmple.s                               0x00000000   Number         0  cdrcmple.o ABSOLUTE
    dc.s                                     0x00000000   Number         0  dc.o ABSOLUTE
    handlers.s                               0x00000000   Number         0  handlers.o ABSOLUTE
    init.s                                   0x00000000   Number         0  init.o ABSOLUTE
    RESET                                    0x08000000   Section      236  startup_stm32f10x_md.o(RESET)
    .ARM.Collect$$$$00000000                 0x080000ec   Section        0  entry.o(.ARM.Collect$$$$00000000)
    .ARM.Collect$$$$00000001                 0x080000ec   Section        4  entry2.o(.ARM.Collect$$$$00000001)
    .ARM.Collect$$$$00000004                 0x080000f0   Section        4  entry5.o(.ARM.Collect$$$$00000004)
    .ARM.Collect$$$$00000008                 0x080000f4   Section        0  entry7b.o(.ARM.Collect$$$$00000008)
    .ARM.Collect$$$$0000000A                 0x080000f4   Section        0  entry8b.o(.ARM.Collect$$$$0000000A)
    .ARM.Collect$$$$0000000B                 0x080000f4   Section        8  entry9a.o(.ARM.Collect$$$$0000000B)
    .ARM.Collect$$$$0000000E                 0x080000fc   Section        4  entry12b.o(.ARM.Collect$$$$0000000E)
    .ARM.Collect$$$$0000000F                 0x08000100   Section        0  entry10a.o(.ARM.Collect$$$$0000000F)
    .ARM.Collect$$$$00000011                 0x08000100   Section        0  entry11a.o(.ARM.Collect$$$$00000011)
    .ARM.Collect$$$$00002712                 0x08000100   Section        4  entry2.o(.ARM.Collect$$$$00002712)
    __lit__00000000                          0x08000100   Data           4  entry2.o(.ARM.Collect$$$$00002712)
    .text                                    0x08000104   Section       36  startup_stm32f10x_md.o(.text)
    .text                                    0x08000128   Section        0  memseta.o(.text)
    .text                                    0x0800014c   Section        0  strstr.o(.text)
    .text                                    0x08000170   Section        0  strncpy.o(.text)
    .text                                    0x08000188   Section        0  strlen.o(.text)
    .text                                    0x08000196   Section        0  dmul.o(.text)
    .text                                    0x0800027a   Section        0  ddiv.o(.text)
    .text                                    0x08000358   Section        0  dfltui.o(.text)
    .text                                    0x08000372   Section        0  f2d.o(.text)
    .text                                    0x08000398   Section        0  d2f.o(.text)
    .text                                    0x080003d0   Section        0  uidiv.o(.text)
    .text                                    0x080003fc   Section        0  uldiv.o(.text)
    .text                                    0x0800045e   Section        0  llushr.o(.text)
    .text                                    0x0800047e   Section        0  iusefp.o(.text)
    .text                                    0x0800047e   Section        0  fepilogue.o(.text)
    .text                                    0x080004ec   Section        0  depilogue.o(.text)
    .text                                    0x080005a6   Section        0  dadd.o(.text)
    .text                                    0x080006f4   Section        0  dfixul.o(.text)
    .text                                    0x08000724   Section       48  cdrcmple.o(.text)
    .text                                    0x08000754   Section       36  init.o(.text)
    .text                                    0x08000778   Section        0  llshl.o(.text)
    .text                                    0x08000796   Section        0  llsshr.o(.text)
    .text                                    0x080007ba   Section        0  __dczerorl2.o(.text)
    i.Beep_Init                              0x08000810   Section        0  beep.o(i.Beep_Init)
    i.CM3_NVIC_SetPriority                   0x0800083c   Section        0  sys.o(i.CM3_NVIC_SetPriority)
    i.DS18B20_GetTemperature                 0x08000914   Section        0  ds18b20.o(i.DS18B20_GetTemperature)
    i.DS18B20_Init                           0x08000984   Section        0  ds18b20.o(i.DS18B20_Init)
    i.DS18B20_Rd_Byte                        0x080009c8   Section        0  ds18b20.o(i.DS18B20_Rd_Byte)
    DS18B20_Rd_Byte                          0x080009c9   Thumb Code    76  ds18b20.o(i.DS18B20_Rd_Byte)
    i.DS18B20_Reset                          0x08000a1c   Section        0  ds18b20.o(i.DS18B20_Reset)
    DS18B20_Reset                            0x08000a1d   Thumb Code   110  ds18b20.o(i.DS18B20_Reset)
    i.DS18B20_Wr_Byte                        0x08000a94   Section        0  ds18b20.o(i.DS18B20_Wr_Byte)
    DS18B20_Wr_Byte                          0x08000a95   Thumb Code    70  ds18b20.o(i.DS18B20_Wr_Byte)
    i.ESP8266_SendATCmd                      0x08000ae0   Section        0  esp8266.o(i.ESP8266_SendATCmd)
    ESP8266_SendATCmd                        0x08000ae1   Thumb Code   182  esp8266.o(i.ESP8266_SendATCmd)
    i.ESP8266_SendData2Client                0x08000bac   Section        0  esp8266.o(i.ESP8266_SendData2Client)
    i.ESP8266_SendData2Server                0x08000c28   Section        0  esp8266.o(i.ESP8266_SendData2Server)
    i.ESP8266_TCPClient_Init                 0x08000cc4   Section        0  esp8266.o(i.ESP8266_TCPClient_Init)
    i.ESP8266_TCPServer_Init                 0x08000f24   Section        0  esp8266.o(i.ESP8266_TCPServer_Init)
    i.EXTI0_IRQHandler                       0x080011f8   Section        0  exti.o(i.EXTI0_IRQHandler)
    i.EXTI1_IRQHandler                       0x08001258   Section        0  exti.o(i.EXTI1_IRQHandler)
    i.EXTI4_IRQHandler                       0x08001354   Section        0  exti.o(i.EXTI4_IRQHandler)
    i.EXTI9_5_IRQHandler                     0x080013b4   Section        0  exti.o(i.EXTI9_5_IRQHandler)
    i.IoT                                    0x08001414   Section        0  sys.o(i.IoT)
    i.KEY_Init                               0x08001544   Section        0  key.o(i.KEY_Init)
    i.KEY_Scan                               0x080015a0   Section        0  key.o(i.KEY_Scan)
    i.LED_Init                               0x08001680   Section        0  led.o(i.LED_Init)
    i.OLED_ClearScreen                       0x080016d4   Section        0  oled.o(i.OLED_ClearScreen)
    OLED_ClearScreen                         0x080016d5   Thumb Code    44  oled.o(i.OLED_ClearScreen)
    i.OLED_DrawBMP                           0x08001700   Section        0  oled.o(i.OLED_DrawBMP)
    i.OLED_DrawChinese                       0x0800177c   Section        0  oled.o(i.OLED_DrawChinese)
    i.OLED_DrawData_by_Col                   0x080017ac   Section        0  oled.o(i.OLED_DrawData_by_Col)
    OLED_DrawData_by_Col                     0x080017ad   Thumb Code   174  oled.o(i.OLED_DrawData_by_Col)
    i.OLED_DrawData_by_ColLn                 0x0800185a   Section        0  oled.o(i.OLED_DrawData_by_ColLn)
    OLED_DrawData_by_ColLn                   0x0800185b   Thumb Code   212  oled.o(i.OLED_DrawData_by_ColLn)
    i.OLED_DrawData_by_Ln                    0x0800192e   Section        0  oled.o(i.OLED_DrawData_by_Ln)
    OLED_DrawData_by_Ln                      0x0800192f   Thumb Code   176  oled.o(i.OLED_DrawData_by_Ln)
    i.OLED_DrawData_by_LnCol                 0x080019de   Section        0  oled.o(i.OLED_DrawData_by_LnCol)
    OLED_DrawData_by_LnCol                   0x080019df   Thumb Code     8  oled.o(i.OLED_DrawData_by_LnCol)
    i.OLED_DrawPoint                         0x080019e8   Section        0  oled.o(i.OLED_DrawPoint)
    OLED_DrawPoint                           0x080019e9   Thumb Code    94  oled.o(i.OLED_DrawPoint)
    i.OLED_DrawSrting                        0x08001a4c   Section        0  oled.o(i.OLED_DrawSrting)
    i.OLED_GRAM_Refresh                      0x08001ab0   Section        0  oled.o(i.OLED_GRAM_Refresh)
    i.OLED_GRAM_Reset                        0x08001ae8   Section        0  oled.o(i.OLED_GRAM_Reset)
    i.OLED_Init                              0x08001b10   Section        0  oled.o(i.OLED_Init)
    i.OLED_SetPos                            0x08001cac   Section        0  oled.o(i.OLED_SetPos)
    OLED_SetPos                              0x08001cad   Thumb Code    44  oled.o(i.OLED_SetPos)
    i.OLED_WR_Byte                           0x08001cd8   Section        0  oled.o(i.OLED_WR_Byte)
    OLED_WR_Byte                             0x08001cd9   Thumb Code    86  oled.o(i.OLED_WR_Byte)
    i.RTC_Calculate_Week                     0x08001d40   Section        0  rtc.o(i.RTC_Calculate_Week)
    RTC_Calculate_Week                       0x08001d41   Thumb Code   130  rtc.o(i.RTC_Calculate_Week)
    i.RTC_IRQHandler                         0x08001dc4   Section        0  rtc.o(i.RTC_IRQHandler)
    i.RTC_Init                               0x08001df8   Section        0  rtc.o(i.RTC_Init)
    i.RTC_Renew_Time                         0x08001f40   Section        0  rtc.o(i.RTC_Renew_Time)
    i.RTC_SecToStd                           0x0800200c   Section        0  rtc.o(i.RTC_SecToStd)
    i.RTC_SetStdTime                         0x08002124   Section        0  rtc.o(i.RTC_SetStdTime)
    i.RTC_StdToSec                           0x080021bc   Section        0  rtc.o(i.RTC_StdToSec)
    RTC_StdToSec                             0x080021bd   Thumb Code   158  rtc.o(i.RTC_StdToSec)
    i.Select_Menu                            0x08002270   Section        0  menu.o(i.Select_Menu)
    i.SetSysClock                            0x08002314   Section        0  system_stm32f10x.o(i.SetSysClock)
    SetSysClock                              0x08002315   Thumb Code     8  system_stm32f10x.o(i.SetSysClock)
    i.SetSysClockTo72                        0x0800231c   Section        0  system_stm32f10x.o(i.SetSysClockTo72)
    SetSysClockTo72                          0x0800231d   Thumb Code   214  system_stm32f10x.o(i.SetSysClockTo72)
    i.SystemInit                             0x080023fc   Section        0  system_stm32f10x.o(i.SystemInit)
    i.TIM2_IRQHandler                        0x0800245c   Section        0  timer.o(i.TIM2_IRQHandler)
    i.TIM3_IRQHandler                        0x08002484   Section        0  timer.o(i.TIM3_IRQHandler)
    i.TIM4_IRQHandler                        0x080024cc   Section        0  timer.o(i.TIM4_IRQHandler)
    i.TIMx_Init                              0x08002514   Section        0  timer.o(i.TIMx_Init)
    i.USART1_IRQHandler                      0x0800260c   Section        0  usart.o(i.USART1_IRQHandler)
    i.USART3_IRQHandler                      0x08002664   Section        0  usart.o(i.USART3_IRQHandler)
    i.USART3_RxInfoParse                     0x080026bc   Section        0  main.o(i.USART3_RxInfoParse)
    USART3_RxInfoParse                       0x080026bd   Thumb Code    62  main.o(i.USART3_RxInfoParse)
    i.USARTx_Init                            0x08002700   Section        0  usart.o(i.USARTx_Init)
    i.USARTx_SendString                      0x0800280c   Section        0  usart.o(i.USARTx_SendString)
    i.Year_judge                             0x08002828   Section        0  rtc.o(i.Year_judge)
    Year_judge                               0x08002829   Thumb Code    50  rtc.o(i.Year_judge)
    i.__0printf                              0x0800285c   Section        0  printfa.o(i.__0printf)
    i.__0sprintf                             0x0800287c   Section        0  printfa.o(i.__0sprintf)
    i.__scatterload_copy                     0x080028a4   Section       14  handlers.o(i.__scatterload_copy)
    i.__scatterload_null                     0x080028b2   Section        2  handlers.o(i.__scatterload_null)
    i.__scatterload_zeroinit                 0x080028b4   Section       14  handlers.o(i.__scatterload_zeroinit)
    i._fp_digits                             0x080028c4   Section        0  printfa.o(i._fp_digits)
    _fp_digits                               0x080028c5   Thumb Code   366  printfa.o(i._fp_digits)
    i._printf_core                           0x08002a48   Section        0  printfa.o(i._printf_core)
    _printf_core                             0x08002a49   Thumb Code  1704  printfa.o(i._printf_core)
    i._printf_post_padding                   0x080030fc   Section        0  printfa.o(i._printf_post_padding)
    _printf_post_padding                     0x080030fd   Thumb Code    36  printfa.o(i._printf_post_padding)
    i._printf_pre_padding                    0x08003120   Section        0  printfa.o(i._printf_pre_padding)
    _printf_pre_padding                      0x08003121   Thumb Code    46  printfa.o(i._printf_pre_padding)
    i._sputc                                 0x0800314e   Section        0  printfa.o(i._sputc)
    _sputc                                   0x0800314f   Thumb Code    10  printfa.o(i._sputc)
    i.delay_ms                               0x08003158   Section        0  delay.o(i.delay_ms)
    i.delay_us                               0x08003172   Section        0  delay.o(i.delay_us)
    i.f3_s1_func                             0x080031a8   Section        0  menu.o(i.f3_s1_func)
    i.f3_s2_func                             0x08003308   Section        0  menu.o(i.f3_s2_func)
    i.fputc                                  0x08003444   Section        0  usart.o(i.fputc)
    i.fun0                                   0x08003460   Section        0  menu.o(i.fun0)
    i.fun1                                   0x08003504   Section        0  menu.o(i.fun1)
    i.fun1_sub1                              0x0800358c   Section        0  menu.o(i.fun1_sub1)
    i.fun2                                   0x0800369c   Section        0  menu.o(i.fun2)
    i.fun2_sub1                              0x08003734   Section        0  menu.o(i.fun2_sub1)
    i.fun3                                   0x080037e0   Section        0  menu.o(i.fun3)
    i.fun3_sub1                              0x08003868   Section        0  menu.o(i.fun3_sub1)
    i.fun3_sub2                              0x080038d4   Section        0  menu.o(i.fun3_sub2)
    i.main                                   0x08003940   Section        0  main.o(i.main)
    .constdata                               0x08003ad8   Section       21  rtc.o(.constdata)
    g_tRTC_BaseTime                          0x08003ad8   Data           8  rtc.o(.constdata)
    A_ucMonthDay                             0x08003ae0   Data          13  rtc.o(.constdata)
    .constdata                               0x08003aed   Section     3304  oled_font.o(.constdata)
    .conststring                             0x080047d8   Section       21  main.o(.conststring)
    .data                                    0x20000000   Section        1  key.o(.data)
    FLAG                                     0x20000000   Data           1  key.o(.data)
    .data                                    0x20000004   Section       16  usart.o(.data)
    .data                                    0x20000014   Section        4  timer.o(.data)
    .data                                    0x20000018   Section        8  rtc.o(.data)
    .data                                    0x20000020   Section      128  menu.o(.data)
    .data                                    0x200000a0   Section      532  main.o(.data)
    .data                                    0x200002b4   Section        4  stdout.o(.data)
    .bss                                     0x200002b8   Section     2048  usart.o(.bss)
    .bss                                     0x20000ab8   Section     1024  oled.o(.bss)
    STACK                                    0x20000eb8   Section     1024  startup_stm32f10x_md.o(STACK)

    Global Symbols

    Symbol Name                              Value     Ov Type        Size  Object(Section)

    BuildAttributes$$THM_ISAv4$P$D$K$B$S$PE$A:L22UL41UL21$X:L11$S22US41US21$IEEE1$IW$USESV6$~STKCKD$USESV7$~SHL$OTIME$ROPI$IEEEX$EBA8$MICROLIB$REQ8$PRES8$EABIv2 0x00000000   Number         0  anon$$obj.o ABSOLUTE
    __ARM_use_no_argv                        0x00000000   Number         0  main.o ABSOLUTE
    _printf_a                                0x00000000   Number         0  stubs.o ABSOLUTE
    _printf_c                                0x00000000   Number         0  stubs.o ABSOLUTE
    _printf_charcount                        0x00000000   Number         0  stubs.o ABSOLUTE
    _printf_d                                0x00000000   Number         0  stubs.o ABSOLUTE
    _printf_e                                0x00000000   Number         0  stubs.o ABSOLUTE
    _printf_f                                0x00000000   Number         0  stubs.o ABSOLUTE
    _printf_flags                            0x00000000   Number         0  stubs.o ABSOLUTE
    _printf_fp_dec                           0x00000000   Number         0  stubs.o ABSOLUTE
    _printf_fp_hex                           0x00000000   Number         0  stubs.o ABSOLUTE
    _printf_g                                0x00000000   Number         0  stubs.o ABSOLUTE
    _printf_i                                0x00000000   Number         0  stubs.o ABSOLUTE
    _printf_int_dec                          0x00000000   Number         0  stubs.o ABSOLUTE
    _printf_l                                0x00000000   Number         0  stubs.o ABSOLUTE
    _printf_lc                               0x00000000   Number         0  stubs.o ABSOLUTE
    _printf_ll                               0x00000000   Number         0  stubs.o ABSOLUTE
    _printf_lld                              0x00000000   Number         0  stubs.o ABSOLUTE
    _printf_lli                              0x00000000   Number         0  stubs.o ABSOLUTE
    _printf_llo                              0x00000000   Number         0  stubs.o ABSOLUTE
    _printf_llu                              0x00000000   Number         0  stubs.o ABSOLUTE
    _printf_llx                              0x00000000   Number         0  stubs.o ABSOLUTE
    _printf_longlong_dec                     0x00000000   Number         0  stubs.o ABSOLUTE
    _printf_longlong_hex                     0x00000000   Number         0  stubs.o ABSOLUTE
    _printf_longlong_oct                     0x00000000   Number         0  stubs.o ABSOLUTE
    _printf_ls                               0x00000000   Number         0  stubs.o ABSOLUTE
    _printf_mbtowc                           0x00000000   Number         0  stubs.o ABSOLUTE
    _printf_n                                0x00000000   Number         0  stubs.o ABSOLUTE
    _printf_o                                0x00000000   Number         0  stubs.o ABSOLUTE
    _printf_p                                0x00000000   Number         0  stubs.o ABSOLUTE
    _printf_percent                          0x00000000   Number         0  stubs.o ABSOLUTE
    _printf_pre_padding                      0x00000000   Number         0  stubs.o ABSOLUTE
    _printf_return_value                     0x00000000   Number         0  stubs.o ABSOLUTE
    _printf_s                                0x00000000   Number         0  stubs.o ABSOLUTE
    _printf_sizespec                         0x00000000   Number         0  stubs.o ABSOLUTE
    _printf_str                              0x00000000   Number         0  stubs.o ABSOLUTE
    _printf_truncate_signed                  0x00000000   Number         0  stubs.o ABSOLUTE
    _printf_truncate_unsigned                0x00000000   Number         0  stubs.o ABSOLUTE
    _printf_u                                0x00000000   Number         0  stubs.o ABSOLUTE
    _printf_wc                               0x00000000   Number         0  stubs.o ABSOLUTE
    _printf_wctomb                           0x00000000   Number         0  stubs.o ABSOLUTE
    _printf_widthprec                        0x00000000   Number         0  stubs.o ABSOLUTE
    _printf_x                                0x00000000   Number         0  stubs.o ABSOLUTE
    __arm_fini_                               - Undefined Weak Reference
    __cpp_initialize__aeabi_                  - Undefined Weak Reference
    __cxa_finalize                            - Undefined Weak Reference
    _clock_init                               - Undefined Weak Reference
    _microlib_exit                            - Undefined Weak Reference
    __Vectors_Size                           0x000000ec   Number         0  startup_stm32f10x_md.o ABSOLUTE
    __Vectors                                0x08000000   Data           4  startup_stm32f10x_md.o(RESET)
    __Vectors_End                            0x080000ec   Data           0  startup_stm32f10x_md.o(RESET)
    __main                                   0x080000ed   Thumb Code     0  entry.o(.ARM.Collect$$$$00000000)
    _main_stk                                0x080000ed   Thumb Code     0  entry2.o(.ARM.Collect$$$$00000001)
    _main_scatterload                        0x080000f1   Thumb Code     0  entry5.o(.ARM.Collect$$$$00000004)
    __main_after_scatterload                 0x080000f5   Thumb Code     0  entry5.o(.ARM.Collect$$$$00000004)
    _main_clock                              0x080000f5   Thumb Code     0  entry7b.o(.ARM.Collect$$$$00000008)
    _main_cpp_init                           0x080000f5   Thumb Code     0  entry8b.o(.ARM.Collect$$$$0000000A)
    _main_init                               0x080000f5   Thumb Code     0  entry9a.o(.ARM.Collect$$$$0000000B)
    __rt_lib_shutdown_fini                   0x080000fd   Thumb Code     0  entry12b.o(.ARM.Collect$$$$0000000E)
    __rt_final_cpp                           0x08000101   Thumb Code     0  entry10a.o(.ARM.Collect$$$$0000000F)
    __rt_final_exit                          0x08000101   Thumb Code     0  entry11a.o(.ARM.Collect$$$$00000011)
    Reset_Handler                            0x08000105   Thumb Code     8  startup_stm32f10x_md.o(.text)
    NMI_Handler                              0x0800010d   Thumb Code     2  startup_stm32f10x_md.o(.text)
    HardFault_Handler                        0x0800010f   Thumb Code     2  startup_stm32f10x_md.o(.text)
    MemManage_Handler                        0x08000111   Thumb Code     2  startup_stm32f10x_md.o(.text)
    BusFault_Handler                         0x08000113   Thumb Code     2  startup_stm32f10x_md.o(.text)
    UsageFault_Handler                       0x08000115   Thumb Code     2  startup_stm32f10x_md.o(.text)
    SVC_Handler                              0x08000117   Thumb Code     2  startup_stm32f10x_md.o(.text)
    DebugMon_Handler                         0x08000119   Thumb Code     2  startup_stm32f10x_md.o(.text)
    PendSV_Handler                           0x0800011b   Thumb Code     2  startup_stm32f10x_md.o(.text)
    SysTick_Handler                          0x0800011d   Thumb Code     2  startup_stm32f10x_md.o(.text)
    ADC1_2_IRQHandler                        0x0800011f   Thumb Code     0  startup_stm32f10x_md.o(.text)
    CAN1_RX1_IRQHandler                      0x0800011f   Thumb Code     0  startup_stm32f10x_md.o(.text)
    CAN1_SCE_IRQHandler                      0x0800011f   Thumb Code     0  startup_stm32f10x_md.o(.text)
    DMA1_Channel1_IRQHandler                 0x0800011f   Thumb Code     0  startup_stm32f10x_md.o(.text)
    DMA1_Channel2_IRQHandler                 0x0800011f   Thumb Code     0  startup_stm32f10x_md.o(.text)
    DMA1_Channel3_IRQHandler                 0x0800011f   Thumb Code     0  startup_stm32f10x_md.o(.text)
    DMA1_Channel4_IRQHandler                 0x0800011f   Thumb Code     0  startup_stm32f10x_md.o(.text)
    DMA1_Channel5_IRQHandler                 0x0800011f   Thumb Code     0  startup_stm32f10x_md.o(.text)
    DMA1_Channel6_IRQHandler                 0x0800011f   Thumb Code     0  startup_stm32f10x_md.o(.text)
    DMA1_Channel7_IRQHandler                 0x0800011f   Thumb Code     0  startup_stm32f10x_md.o(.text)
    EXTI15_10_IRQHandler                     0x0800011f   Thumb Code     0  startup_stm32f10x_md.o(.text)
    EXTI2_IRQHandler                         0x0800011f   Thumb Code     0  startup_stm32f10x_md.o(.text)
    EXTI3_IRQHandler                         0x0800011f   Thumb Code     0  startup_stm32f10x_md.o(.text)
    FLASH_IRQHandler                         0x0800011f   Thumb Code     0  startup_stm32f10x_md.o(.text)
    I2C1_ER_IRQHandler                       0x0800011f   Thumb Code     0  startup_stm32f10x_md.o(.text)
    I2C1_EV_IRQHandler                       0x0800011f   Thumb Code     0  startup_stm32f10x_md.o(.text)
    I2C2_ER_IRQHandler                       0x0800011f   Thumb Code     0  startup_stm32f10x_md.o(.text)
    I2C2_EV_IRQHandler                       0x0800011f   Thumb Code     0  startup_stm32f10x_md.o(.text)
    PVD_IRQHandler                           0x0800011f   Thumb Code     0  startup_stm32f10x_md.o(.text)
    RCC_IRQHandler                           0x0800011f   Thumb Code     0  startup_stm32f10x_md.o(.text)
    RTCAlarm_IRQHandler                      0x0800011f   Thumb Code     0  startup_stm32f10x_md.o(.text)
    SPI1_IRQHandler                          0x0800011f   Thumb Code     0  startup_stm32f10x_md.o(.text)
    SPI2_IRQHandler                          0x0800011f   Thumb Code     0  startup_stm32f10x_md.o(.text)
    TAMPER_IRQHandler                        0x0800011f   Thumb Code     0  startup_stm32f10x_md.o(.text)
    TIM1_BRK_IRQHandler                      0x0800011f   Thumb Code     0  startup_stm32f10x_md.o(.text)
    TIM1_CC_IRQHandler                       0x0800011f   Thumb Code     0  startup_stm32f10x_md.o(.text)
    TIM1_TRG_COM_IRQHandler                  0x0800011f   Thumb Code     0  startup_stm32f10x_md.o(.text)
    TIM1_UP_IRQHandler                       0x0800011f   Thumb Code     0  startup_stm32f10x_md.o(.text)
    USART2_IRQHandler                        0x0800011f   Thumb Code     0  startup_stm32f10x_md.o(.text)
    USBWakeUp_IRQHandler                     0x0800011f   Thumb Code     0  startup_stm32f10x_md.o(.text)
    USB_HP_CAN1_TX_IRQHandler                0x0800011f   Thumb Code     0  startup_stm32f10x_md.o(.text)
    USB_LP_CAN1_RX0_IRQHandler               0x0800011f   Thumb Code     0  startup_stm32f10x_md.o(.text)
    WWDG_IRQHandler                          0x0800011f   Thumb Code     0  startup_stm32f10x_md.o(.text)
    __aeabi_memset                           0x08000129   Thumb Code    14  memseta.o(.text)
    __aeabi_memset4                          0x08000129   Thumb Code     0  memseta.o(.text)
    __aeabi_memset8                          0x08000129   Thumb Code     0  memseta.o(.text)
    __aeabi_memclr                           0x08000137   Thumb Code     4  memseta.o(.text)
    __aeabi_memclr4                          0x08000137   Thumb Code     0  memseta.o(.text)
    __aeabi_memclr8                          0x08000137   Thumb Code     0  memseta.o(.text)
    _memset$wrapper                          0x0800013b   Thumb Code    18  memseta.o(.text)
    strstr                                   0x0800014d   Thumb Code    36  strstr.o(.text)
    strncpy                                  0x08000171   Thumb Code    24  strncpy.o(.text)
    strlen                                   0x08000189   Thumb Code    14  strlen.o(.text)
    __aeabi_dmul                             0x08000197   Thumb Code   228  dmul.o(.text)
    __aeabi_ddiv                             0x0800027b   Thumb Code   222  ddiv.o(.text)
    __aeabi_ui2d                             0x08000359   Thumb Code    26  dfltui.o(.text)
    __aeabi_f2d                              0x08000373   Thumb Code    38  f2d.o(.text)
    __aeabi_d2f                              0x08000399   Thumb Code    56  d2f.o(.text)
    __aeabi_uidiv                            0x080003d1   Thumb Code     0  uidiv.o(.text)
    __aeabi_uidivmod                         0x080003d1   Thumb Code    44  uidiv.o(.text)
    __aeabi_uldivmod                         0x080003fd   Thumb Code    98  uldiv.o(.text)
    __aeabi_llsr                             0x0800045f   Thumb Code    32  llushr.o(.text)
    _ll_ushift_r                             0x0800045f   Thumb Code     0  llushr.o(.text)
    __I$use$fp                               0x0800047f   Thumb Code     0  iusefp.o(.text)
    _float_round                             0x0800047f   Thumb Code    18  fepilogue.o(.text)
    _float_epilogue                          0x08000491   Thumb Code    92  fepilogue.o(.text)
    _double_round                            0x080004ed   Thumb Code    30  depilogue.o(.text)
    _double_epilogue                         0x0800050b   Thumb Code   156  depilogue.o(.text)
    __aeabi_dadd                             0x080005a7   Thumb Code   322  dadd.o(.text)
    __aeabi_dsub                             0x080006e9   Thumb Code     6  dadd.o(.text)
    __aeabi_drsub                            0x080006ef   Thumb Code     6  dadd.o(.text)
    __aeabi_d2ulz                            0x080006f5   Thumb Code    48  dfixul.o(.text)
    __aeabi_cdrcmple                         0x08000725   Thumb Code    48  cdrcmple.o(.text)
    __scatterload                            0x08000755   Thumb Code    28  init.o(.text)
    __scatterload_rt2                        0x08000755   Thumb Code     0  init.o(.text)
    __aeabi_llsl                             0x08000779   Thumb Code    30  llshl.o(.text)
    _ll_shift_l                              0x08000779   Thumb Code     0  llshl.o(.text)
    __aeabi_lasr                             0x08000797   Thumb Code    36  llsshr.o(.text)
    _ll_sshift_r                             0x08000797   Thumb Code     0  llsshr.o(.text)
    __decompress                             0x080007bb   Thumb Code     0  __dczerorl2.o(.text)
    __decompress1                            0x080007bb   Thumb Code    86  __dczerorl2.o(.text)
    Beep_Init                                0x08000811   Thumb Code    36  beep.o(i.Beep_Init)
    CM3_NVIC_SetPriority                     0x0800083d   Thumb Code   202  sys.o(i.CM3_NVIC_SetPriority)
    DS18B20_GetTemperature                   0x08000915   Thumb Code   108  ds18b20.o(i.DS18B20_GetTemperature)
    DS18B20_Init                             0x08000985   Thumb Code    58  ds18b20.o(i.DS18B20_Init)
    ESP8266_SendData2Client                  0x08000bad   Thumb Code    80  esp8266.o(i.ESP8266_SendData2Client)
    ESP8266_SendData2Server                  0x08000c29   Thumb Code    96  esp8266.o(i.ESP8266_SendData2Server)
    ESP8266_TCPClient_Init                   0x08000cc5   Thumb Code   292  esp8266.o(i.ESP8266_TCPClient_Init)
    ESP8266_TCPServer_Init                   0x08000f25   Thumb Code   312  esp8266.o(i.ESP8266_TCPServer_Init)
    EXTI0_IRQHandler                         0x080011f9   Thumb Code    60  exti.o(i.EXTI0_IRQHandler)
    EXTI1_IRQHandler                         0x08001259   Thumb Code   164  exti.o(i.EXTI1_IRQHandler)
    EXTI4_IRQHandler                         0x08001355   Thumb Code    60  exti.o(i.EXTI4_IRQHandler)
    EXTI9_5_IRQHandler                       0x080013b5   Thumb Code    60  exti.o(i.EXTI9_5_IRQHandler)
    IoT                                      0x08001415   Thumb Code   196  sys.o(i.IoT)
    KEY_Init                                 0x08001545   Thumb Code    82  key.o(i.KEY_Init)
    KEY_Scan                                 0x080015a1   Thumb Code   216  key.o(i.KEY_Scan)
    LED_Init                                 0x08001681   Thumb Code    74  led.o(i.LED_Init)
    OLED_DrawBMP                             0x08001701   Thumb Code   122  oled.o(i.OLED_DrawBMP)
    OLED_DrawChinese                         0x0800177d   Thumb Code    42  oled.o(i.OLED_DrawChinese)
    OLED_DrawSrting                          0x08001a4d   Thumb Code    96  oled.o(i.OLED_DrawSrting)
    OLED_GRAM_Refresh                        0x08001ab1   Thumb Code    50  oled.o(i.OLED_GRAM_Refresh)
    OLED_GRAM_Reset                          0x08001ae9   Thumb Code    36  oled.o(i.OLED_GRAM_Reset)
    OLED_Init                                0x08001b11   Thumb Code   384  oled.o(i.OLED_Init)
    RTC_IRQHandler                           0x08001dc5   Thumb Code    46  rtc.o(i.RTC_IRQHandler)
    RTC_Init                                 0x08001df9   Thumb Code   314  rtc.o(i.RTC_Init)
    RTC_Renew_Time                           0x08001f41   Thumb Code   200  rtc.o(i.RTC_Renew_Time)
    RTC_SecToStd                             0x0800200d   Thumb Code   256  rtc.o(i.RTC_SecToStd)
    RTC_SetStdTime                           0x08002125   Thumb Code   140  rtc.o(i.RTC_SetStdTime)
    Select_Menu                              0x08002271   Thumb Code   150  menu.o(i.Select_Menu)
    SystemInit                               0x080023fd   Thumb Code    78  system_stm32f10x.o(i.SystemInit)
    TIM2_IRQHandler                          0x0800245d   Thumb Code    40  timer.o(i.TIM2_IRQHandler)
    TIM3_IRQHandler                          0x08002485   Thumb Code    56  timer.o(i.TIM3_IRQHandler)
    TIM4_IRQHandler                          0x080024cd   Thumb Code    56  timer.o(i.TIM4_IRQHandler)
    TIMx_Init                                0x08002515   Thumb Code   236  timer.o(i.TIMx_Init)
    USART1_IRQHandler                        0x0800260d   Thumb Code    70  usart.o(i.USART1_IRQHandler)
    USART3_IRQHandler                        0x08002665   Thumb Code    70  usart.o(i.USART3_IRQHandler)
    USARTx_Init                              0x08002701   Thumb Code   236  usart.o(i.USARTx_Init)
    USARTx_SendString                        0x0800280d   Thumb Code    28  usart.o(i.USARTx_SendString)
    __0printf                                0x0800285d   Thumb Code    22  printfa.o(i.__0printf)
    __1printf                                0x0800285d   Thumb Code     0  printfa.o(i.__0printf)
    __2printf                                0x0800285d   Thumb Code     0  printfa.o(i.__0printf)
    __c89printf                              0x0800285d   Thumb Code     0  printfa.o(i.__0printf)
    printf                                   0x0800285d   Thumb Code     0  printfa.o(i.__0printf)
    __0sprintf                               0x0800287d   Thumb Code    34  printfa.o(i.__0sprintf)
    __1sprintf                               0x0800287d   Thumb Code     0  printfa.o(i.__0sprintf)
    __2sprintf                               0x0800287d   Thumb Code     0  printfa.o(i.__0sprintf)
    __c89sprintf                             0x0800287d   Thumb Code     0  printfa.o(i.__0sprintf)
    sprintf                                  0x0800287d   Thumb Code     0  printfa.o(i.__0sprintf)
    __scatterload_copy                       0x080028a5   Thumb Code    14  handlers.o(i.__scatterload_copy)
    __scatterload_null                       0x080028b3   Thumb Code     2  handlers.o(i.__scatterload_null)
    __scatterload_zeroinit                   0x080028b5   Thumb Code    14  handlers.o(i.__scatterload_zeroinit)
    delay_ms                                 0x08003159   Thumb Code    26  delay.o(i.delay_ms)
    delay_us                                 0x08003173   Thumb Code    54  delay.o(i.delay_us)
    f3_s1_func                               0x080031a9   Thumb Code   160  menu.o(i.f3_s1_func)
    f3_s2_func                               0x08003309   Thumb Code   150  menu.o(i.f3_s2_func)
    fputc                                    0x08003445   Thumb Code    22  usart.o(i.fputc)
    fun0                                     0x08003461   Thumb Code   110  menu.o(i.fun0)
    fun1                                     0x08003505   Thumb Code    78  menu.o(i.fun1)
    fun1_sub1                                0x0800358d   Thumb Code   188  menu.o(i.fun1_sub1)
    fun2                                     0x0800369d   Thumb Code    94  menu.o(i.fun2)
    fun2_sub1                                0x08003735   Thumb Code   108  menu.o(i.fun2_sub1)
    fun3                                     0x080037e1   Thumb Code    78  menu.o(i.fun3)
    fun3_sub1                                0x08003869   Thumb Code    60  menu.o(i.fun3_sub1)
    fun3_sub2                                0x080038d5   Thumb Code    60  menu.o(i.fun3_sub2)
    main                                     0x08003941   Thumb Code   260  main.o(i.main)
    BLE_32x32Bmp_Col                         0x08003aed   Data         128  oled_font.o(.constdata)
    BLE_32x32Bmp_Ln                          0x08003b6d   Data         128  oled_font.o(.constdata)
    BLE_32x32Bmp_ColLn                       0x08003bed   Data         128  oled_font.o(.constdata)
    Chinese16x16                             0x08003c6d   Data          64  oled_font.o(.constdata)
    Chinese24x24                             0x08003cad   Data         144  oled_font.o(.constdata)
    Ascii8x16                                0x08003d3d   Data        1520  oled_font.o(.constdata)
    Ascii6x8                                 0x0800432d   Data         552  oled_font.o(.constdata)
    Shit_32x32Bmp_ColLn                      0x08004555   Data         128  oled_font.o(.constdata)
    Sun_32x32Bmp_ColLn                       0x080045d5   Data         128  oled_font.o(.constdata)
    Temp_32x32Bmp_ColLn                      0x08004655   Data         128  oled_font.o(.constdata)
    WIFI_32x32Bmp_ColLn                      0x080046d5   Data         128  oled_font.o(.constdata)
    Clock_32x32Bmp_ColLn                     0x08004755   Data         128  oled_font.o(.constdata)
    Region$$Table$$Base                      0x080047f0   Number         0  anon$$obj.o(Region$$Table)
    Region$$Table$$Limit                     0x08004810   Number         0  anon$$obj.o(Region$$Table)
    g_ucUsart1RXFLAG                         0x20000004   Data           1  usart.o(.data)
    g_ucUsart1Cnt                            0x20000008   Data           4  usart.o(.data)
    g_ucUsart3RXFLAG                         0x2000000c   Data           1  usart.o(.data)
    g_ucUsart3Cnt                            0x20000010   Data           4  usart.o(.data)
    ucOverFlowCnt                            0x20000014   Data           2  timer.o(.data)
    g_usOvertimeFLAG                         0x20000016   Data           2  timer.o(.data)
    Clock_Calendar                           0x20000018   Data           8  rtc.o(.data)
    taskTable                                0x20000020   Data         120  menu.o(.data)
    taskIndex                                0x20000098   Data           1  menu.o(.data)
    taskFunc                                 0x2000009c   Data           4  menu.o(.data)
    WIFI_NAME                                0x200000a0   Data           4  main.o(.data)
    WIFI_PWD                                 0x200000a4   Data           4  main.o(.data)
    AP_Mode_FLAG                             0x200000a8   Data           1  main.o(.data)
    STA_Mode_FLAG                            0x200000a9   Data           1  main.o(.data)
    server_info_table                        0x200000aa   Data         522  main.o(.data)
    __stdout                                 0x200002b4   Data           4  stdout.o(.data)
    g_ucUsart1Buff                           0x200002b8   Data        1024  usart.o(.bss)
    g_ucUsart3Buff                           0x200006b8   Data        1024  usart.o(.bss)
    OLED_GRAM                                0x20000ab8   Data        1024  oled.o(.bss)
    __initial_sp                             0x200012b8   Data           0  startup_stm32f10x_md.o(STACK)



==============================================================================

Memory Map of the image

  Image Entry point : 0x080000ed

  Load Region LR_IROM1 (Base: 0x08000000, Size: 0x00004ac8, Max: 0x00010000, ABSOLUTE, COMPRESSED[0x000048f4])

    Execution Region ER_IROM1 (Exec base: 0x08000000, Load base: 0x08000000, Size: 0x00004810, Max: 0x00010000, ABSOLUTE)

    Exec Addr    Load Addr    Size         Type   Attr      Idx    E Section Name        Object

    0x08000000   0x08000000   0x000000ec   Data   RO           19    RESET               startup_stm32f10x_md.o
    0x080000ec   0x080000ec   0x00000000   Code   RO          772  * .ARM.Collect$$$$00000000  mc_w.l(entry.o)
    0x080000ec   0x080000ec   0x00000004   Code   RO         1086    .ARM.Collect$$$$00000001  mc_w.l(entry2.o)
    0x080000f0   0x080000f0   0x00000004   Code   RO         1089    .ARM.Collect$$$$00000004  mc_w.l(entry5.o)
    0x080000f4   0x080000f4   0x00000000   Code   RO         1091    .ARM.Collect$$$$00000008  mc_w.l(entry7b.o)
    0x080000f4   0x080000f4   0x00000000   Code   RO         1093    .ARM.Collect$$$$0000000A  mc_w.l(entry8b.o)
    0x080000f4   0x080000f4   0x00000008   Code   RO         1094    .ARM.Collect$$$$0000000B  mc_w.l(entry9a.o)
    0x080000fc   0x080000fc   0x00000004   Code   RO         1101    .ARM.Collect$$$$0000000E  mc_w.l(entry12b.o)
    0x08000100   0x08000100   0x00000000   Code   RO         1096    .ARM.Collect$$$$0000000F  mc_w.l(entry10a.o)
    0x08000100   0x08000100   0x00000000   Code   RO         1098    .ARM.Collect$$$$00000011  mc_w.l(entry11a.o)
    0x08000100   0x08000100   0x00000004   Code   RO         1087    .ARM.Collect$$$$00002712  mc_w.l(entry2.o)
    0x08000104   0x08000104   0x00000024   Code   RO           20    .text               startup_stm32f10x_md.o
    0x08000128   0x08000128   0x00000024   Code   RO          775    .text               mc_w.l(memseta.o)
    0x0800014c   0x0800014c   0x00000024   Code   RO          777    .text               mc_w.l(strstr.o)
    0x08000170   0x08000170   0x00000018   Code   RO          779    .text               mc_w.l(strncpy.o)
    0x08000188   0x08000188   0x0000000e   Code   RO          781    .text               mc_w.l(strlen.o)
    0x08000196   0x08000196   0x000000e4   Code   RO         1044    .text               mf_w.l(dmul.o)
    0x0800027a   0x0800027a   0x000000de   Code   RO         1046    .text               mf_w.l(ddiv.o)
    0x08000358   0x08000358   0x0000001a   Code   RO         1050    .text               mf_w.l(dfltui.o)
    0x08000372   0x08000372   0x00000026   Code   RO         1054    .text               mf_w.l(f2d.o)
    0x08000398   0x08000398   0x00000038   Code   RO         1056    .text               mf_w.l(d2f.o)
    0x080003d0   0x080003d0   0x0000002c   Code   RO         1103    .text               mc_w.l(uidiv.o)
    0x080003fc   0x080003fc   0x00000062   Code   RO         1105    .text               mc_w.l(uldiv.o)
    0x0800045e   0x0800045e   0x00000020   Code   RO         1107    .text               mc_w.l(llushr.o)
    0x0800047e   0x0800047e   0x00000000   Code   RO         1116    .text               mc_w.l(iusefp.o)
    0x0800047e   0x0800047e   0x0000006e   Code   RO         1117    .text               mf_w.l(fepilogue.o)
    0x080004ec   0x080004ec   0x000000ba   Code   RO         1119    .text               mf_w.l(depilogue.o)
    0x080005a6   0x080005a6   0x0000014e   Code   RO         1121    .text               mf_w.l(dadd.o)
    0x080006f4   0x080006f4   0x00000030   Code   RO         1123    .text               mf_w.l(dfixul.o)
    0x08000724   0x08000724   0x00000030   Code   RO         1125    .text               mf_w.l(cdrcmple.o)
    0x08000754   0x08000754   0x00000024   Code   RO         1131    .text               mc_w.l(init.o)
    0x08000778   0x08000778   0x0000001e   Code   RO         1133    .text               mc_w.l(llshl.o)
    0x08000796   0x08000796   0x00000024   Code   RO         1135    .text               mc_w.l(llsshr.o)
    0x080007ba   0x080007ba   0x00000056   Code   RO         1147    .text               mc_w.l(__dczerorl2.o)
    0x08000810   0x08000810   0x0000002c   Code   RO           84    i.Beep_Init         beep.o
    0x0800083c   0x0800083c   0x000000d8   Code   RO          158    i.CM3_NVIC_SetPriority  sys.o
    0x08000914   0x08000914   0x00000070   Code   RO          408    i.DS18B20_GetTemperature  ds18b20.o
    0x08000984   0x08000984   0x00000044   Code   RO          409    i.DS18B20_Init      ds18b20.o
    0x080009c8   0x080009c8   0x00000054   Code   RO          410    i.DS18B20_Rd_Byte   ds18b20.o
    0x08000a1c   0x08000a1c   0x00000078   Code   RO          411    i.DS18B20_Reset     ds18b20.o
    0x08000a94   0x08000a94   0x0000004c   Code   RO          412    i.DS18B20_Wr_Byte   ds18b20.o
    0x08000ae0   0x08000ae0   0x000000cc   Code   RO          616    i.ESP8266_SendATCmd  esp8266.o
    0x08000bac   0x08000bac   0x0000007c   Code   RO          617    i.ESP8266_SendData2Client  esp8266.o
    0x08000c28   0x08000c28   0x0000009c   Code   RO          618    i.ESP8266_SendData2Server  esp8266.o
    0x08000cc4   0x08000cc4   0x00000260   Code   RO          619    i.ESP8266_TCPClient_Init  esp8266.o
    0x08000f24   0x08000f24   0x000002d4   Code   RO          620    i.ESP8266_TCPServer_Init  esp8266.o
    0x080011f8   0x080011f8   0x00000060   Code   RO          307    i.EXTI0_IRQHandler  exti.o
    0x08001258   0x08001258   0x000000fc   Code   RO          308    i.EXTI1_IRQHandler  exti.o
    0x08001354   0x08001354   0x00000060   Code   RO          309    i.EXTI4_IRQHandler  exti.o
    0x080013b4   0x080013b4   0x00000060   Code   RO          310    i.EXTI9_5_IRQHandler  exti.o
    0x08001414   0x08001414   0x00000130   Code   RO          159    i.IoT               sys.o
    0x08001544   0x08001544   0x0000005c   Code   RO          105    i.KEY_Init          key.o
    0x080015a0   0x080015a0   0x000000e0   Code   RO          106    i.KEY_Scan          key.o
    0x08001680   0x08001680   0x00000054   Code   RO           65    i.LED_Init          led.o
    0x080016d4   0x080016d4   0x0000002c   Code   RO          448    i.OLED_ClearScreen  oled.o
    0x08001700   0x08001700   0x0000007a   Code   RO          450    i.OLED_DrawBMP      oled.o
    0x0800177a   0x0800177a   0x00000002   PAD
    0x0800177c   0x0800177c   0x00000030   Code   RO          451    i.OLED_DrawChinese  oled.o
    0x080017ac   0x080017ac   0x000000ae   Code   RO          452    i.OLED_DrawData_by_Col  oled.o
    0x0800185a   0x0800185a   0x000000d4   Code   RO          453    i.OLED_DrawData_by_ColLn  oled.o
    0x0800192e   0x0800192e   0x000000b0   Code   RO          454    i.OLED_DrawData_by_Ln  oled.o
    0x080019de   0x080019de   0x00000008   Code   RO          455    i.OLED_DrawData_by_LnCol  oled.o
    0x080019e6   0x080019e6   0x00000002   PAD
    0x080019e8   0x080019e8   0x00000064   Code   RO          456    i.OLED_DrawPoint    oled.o
    0x08001a4c   0x08001a4c   0x00000064   Code   RO          457    i.OLED_DrawSrting   oled.o
    0x08001ab0   0x08001ab0   0x00000038   Code   RO          458    i.OLED_GRAM_Refresh  oled.o
    0x08001ae8   0x08001ae8   0x00000028   Code   RO          459    i.OLED_GRAM_Reset   oled.o
    0x08001b10   0x08001b10   0x0000019c   Code   RO          460    i.OLED_Init         oled.o
    0x08001cac   0x08001cac   0x0000002c   Code   RO          461    i.OLED_SetPos       oled.o
    0x08001cd8   0x08001cd8   0x00000068   Code   RO          462    i.OLED_WR_Byte      oled.o
    0x08001d40   0x08001d40   0x00000082   Code   RO          350    i.RTC_Calculate_Week  rtc.o
    0x08001dc2   0x08001dc2   0x00000002   PAD
    0x08001dc4   0x08001dc4   0x00000034   Code   RO          351    i.RTC_IRQHandler    rtc.o
    0x08001df8   0x08001df8   0x00000148   Code   RO          352    i.RTC_Init          rtc.o
    0x08001f40   0x08001f40   0x000000cc   Code   RO          353    i.RTC_Renew_Time    rtc.o
    0x0800200c   0x0800200c   0x00000118   Code   RO          354    i.RTC_SecToStd      rtc.o
    0x08002124   0x08002124   0x00000098   Code   RO          355    i.RTC_SetStdTime    rtc.o
    0x080021bc   0x080021bc   0x000000b4   Code   RO          356    i.RTC_StdToSec      rtc.o
    0x08002270   0x08002270   0x000000a4   Code   RO          651    i.Select_Menu       menu.o
    0x08002314   0x08002314   0x00000008   Code   RO           24    i.SetSysClock       system_stm32f10x.o
    0x0800231c   0x0800231c   0x000000e0   Code   RO           25    i.SetSysClockTo72   system_stm32f10x.o
    0x080023fc   0x080023fc   0x00000060   Code   RO           27    i.SystemInit        system_stm32f10x.o
    0x0800245c   0x0800245c   0x00000028   Code   RO          229    i.TIM2_IRQHandler   timer.o
    0x08002484   0x08002484   0x00000048   Code   RO          230    i.TIM3_IRQHandler   timer.o
    0x080024cc   0x080024cc   0x00000048   Code   RO          231    i.TIM4_IRQHandler   timer.o
    0x08002514   0x08002514   0x000000f8   Code   RO          232    i.TIMx_Init         timer.o
    0x0800260c   0x0800260c   0x00000058   Code   RO          180    i.USART1_IRQHandler  usart.o
    0x08002664   0x08002664   0x00000058   Code   RO          181    i.USART3_IRQHandler  usart.o
    0x080026bc   0x080026bc   0x00000044   Code   RO          732    i.USART3_RxInfoParse  main.o
    0x08002700   0x08002700   0x0000010c   Code   RO          182    i.USARTx_Init       usart.o
    0x0800280c   0x0800280c   0x0000001c   Code   RO          183    i.USARTx_SendString  usart.o
    0x08002828   0x08002828   0x00000032   Code   RO          357    i.Year_judge        rtc.o
    0x0800285a   0x0800285a   0x00000002   PAD
    0x0800285c   0x0800285c   0x00000020   Code   RO         1016    i.__0printf         mc_w.l(printfa.o)
    0x0800287c   0x0800287c   0x00000028   Code   RO         1018    i.__0sprintf        mc_w.l(printfa.o)
    0x080028a4   0x080028a4   0x0000000e   Code   RO         1141    i.__scatterload_copy  mc_w.l(handlers.o)
    0x080028b2   0x080028b2   0x00000002   Code   RO         1142    i.__scatterload_null  mc_w.l(handlers.o)
    0x080028b4   0x080028b4   0x0000000e   Code   RO         1143    i.__scatterload_zeroinit  mc_w.l(handlers.o)
    0x080028c2   0x080028c2   0x00000002   PAD
    0x080028c4   0x080028c4   0x00000184   Code   RO         1023    i._fp_digits        mc_w.l(printfa.o)
    0x08002a48   0x08002a48   0x000006b4   Code   RO         1024    i._printf_core      mc_w.l(printfa.o)
    0x080030fc   0x080030fc   0x00000024   Code   RO         1025    i._printf_post_padding  mc_w.l(printfa.o)
    0x08003120   0x08003120   0x0000002e   Code   RO         1026    i._printf_pre_padding  mc_w.l(printfa.o)
    0x0800314e   0x0800314e   0x0000000a   Code   RO         1028    i._sputc            mc_w.l(printfa.o)
    0x08003158   0x08003158   0x0000001a   Code   RO          134    i.delay_ms          delay.o
    0x08003172   0x08003172   0x00000036   Code   RO          136    i.delay_us          delay.o
    0x080031a8   0x080031a8   0x00000160   Code   RO          652    i.f3_s1_func        menu.o
    0x08003308   0x08003308   0x0000013c   Code   RO          653    i.f3_s2_func        menu.o
    0x08003444   0x08003444   0x0000001c   Code   RO          184    i.fputc             usart.o
    0x08003460   0x08003460   0x000000a4   Code   RO          654    i.fun0              menu.o
    0x08003504   0x08003504   0x00000088   Code   RO          655    i.fun1              menu.o
    0x0800358c   0x0800358c   0x00000110   Code   RO          656    i.fun1_sub1         menu.o
    0x0800369c   0x0800369c   0x00000098   Code   RO          657    i.fun2              menu.o
    0x08003734   0x08003734   0x000000ac   Code   RO          658    i.fun2_sub1         menu.o
    0x080037e0   0x080037e0   0x00000088   Code   RO          659    i.fun3              menu.o
    0x08003868   0x08003868   0x0000006c   Code   RO          660    i.fun3_sub1         menu.o
    0x080038d4   0x080038d4   0x0000006c   Code   RO          661    i.fun3_sub2         menu.o
    0x08003940   0x08003940   0x00000198   Code   RO          733    i.main              main.o
    0x08003ad8   0x08003ad8   0x00000015   Data   RO          358    .constdata          rtc.o
    0x08003aed   0x08003aed   0x00000ce8   Data   RO          573    .constdata          oled_font.o
    0x080047d5   0x080047d5   0x00000003   PAD
    0x080047d8   0x080047d8   0x00000015   Data   RO          734    .conststring        main.o
    0x080047ed   0x080047ed   0x00000003   PAD
    0x080047f0   0x080047f0   0x00000020   Data   RO         1139    Region$$Table       anon$$obj.o


    Execution Region RW_IRAM1 (Exec base: 0x20000000, Load base: 0x08004810, Size: 0x000012b8, Max: 0x00005000, ABSOLUTE, COMPRESSED[0x000000e4])

    Exec Addr    Load Addr    Size         Type   Attr      Idx    E Section Name        Object

    0x20000000   COMPRESSED   0x00000001   Data   RW          107    .data               key.o
    0x20000001   COMPRESSED   0x00000003   PAD
    0x20000004   COMPRESSED   0x00000010   Data   RW          186    .data               usart.o
    0x20000014   COMPRESSED   0x00000004   Data   RW          233    .data               timer.o
    0x20000018   COMPRESSED   0x00000008   Data   RW          359    .data               rtc.o
    0x20000020   COMPRESSED   0x00000080   Data   RW          662    .data               menu.o
    0x200000a0   COMPRESSED   0x00000214   Data   RW          735    .data               main.o
    0x200002b4   COMPRESSED   0x00000004   Data   RW         1102    .data               mc_w.l(stdout.o)
    0x200002b8        -       0x00000800   Zero   RW          185    .bss                usart.o
    0x20000ab8        -       0x00000400   Zero   RW          463    .bss                oled.o
    0x20000eb8        -       0x00000400   Zero   RW           17    STACK               startup_stm32f10x_md.o


==============================================================================

Image component sizes


      Code (inc. data)   RO Data    RW Data    ZI Data      Debug   Object Name

        44          8          0          0          0        472   beep.o
         0          0          0          0          0       4532   core_cm3.o
        80          0          0          0          0       1074   delay.o
       460         38          0          0          0       3128   ds18b20.o
      1816        854          0          0          0       4726   esp8266.o
       540        196          0          0          0       2202   exti.o
       316         18          0          1          0       2398   key.o
        84         10          0          0          0        487   led.o
       476        154         21        532          0       3557   main.o
      2080        844          0        128          0       7427   menu.o
      1640         72          0          0       1024      11306   oled.o
         0          0       3304          0          0       1339   oled_font.o
      1376         82         21          8          0       6994   rtc.o
        36          8        236          0       1024        844   startup_stm32f10x_md.o
       520        122          0          0          0      17036   sys.o
       328         28          0          0          0     203769   system_stm32f10x.o
       432         44          0          4          0       2907   timer.o
       500         74          0         16       2048       3948   usart.o

    ----------------------------------------------------------------------
     10736       2552       3620        692       4096     278146   Object Totals
         0          0         32          0          0          0   (incl. Generated)
         8          0          6          3          0          0   (incl. Padding)

    ----------------------------------------------------------------------

      Code (inc. data)   RO Data    RW Data    ZI Data      Debug   Library Member Name

        86          0          0          0          0          0   __dczerorl2.o
         0          0          0          0          0          0   entry.o
         0          0          0          0          0          0   entry10a.o
         0          0          0          0          0          0   entry11a.o
         4          0          0          0          0          0   entry12b.o
         8          4          0          0          0          0   entry2.o
         4          0          0          0          0          0   entry5.o
         0          0          0          0          0          0   entry7b.o
         0          0          0          0          0          0   entry8b.o
         8          4          0          0          0          0   entry9a.o
        30          0          0          0          0          0   handlers.o
        36          8          0          0          0         68   init.o
         0          0          0          0          0          0   iusefp.o
        30          0          0          0          0         68   llshl.o
        36          0          0          0          0         68   llsshr.o
        32          0          0          0          0         68   llushr.o
        36          0          0          0          0        108   memseta.o
      2268         96          0          0          0        616   printfa.o
         0          0          0          4          0          0   stdout.o
        14          0          0          0          0         68   strlen.o
        24          0          0          0          0         76   strncpy.o
        36          0          0          0          0         80   strstr.o
        44          0          0          0          0         80   uidiv.o
        98          0          0          0          0         92   uldiv.o
        48          0          0          0          0         68   cdrcmple.o
        56          0          0          0          0         88   d2f.o
       334          0          0          0          0        148   dadd.o
       222          0          0          0          0        100   ddiv.o
       186          0          0          0          0        176   depilogue.o
        48          0          0          0          0         68   dfixul.o
        26          0          0          0          0         76   dfltui.o
       228          0          0          0          0         96   dmul.o
        38          0          0          0          0         68   f2d.o
       110          0          0          0          0        168   fepilogue.o

    ----------------------------------------------------------------------
      4092        112          0          4          0       2448   Library Totals
         2          0          0          0          0          0   (incl. Padding)

    ----------------------------------------------------------------------

      Code (inc. data)   RO Data    RW Data    ZI Data      Debug   Library Name

      2794        112          0          4          0       1392   mc_w.l
      1296          0          0          0          0       1056   mf_w.l

    ----------------------------------------------------------------------
      4092        112          0          4          0       2448   Library Totals

    ----------------------------------------------------------------------

==============================================================================


      Code (inc. data)   RO Data    RW Data    ZI Data      Debug   

     14828       2664       3620        696       4096     276094   Grand Totals
     14828       2664       3620        228       4096     276094   ELF Image Totals (compressed)
     14828       2664       3620        228          0          0   ROM Totals

==============================================================================

    Total RO  Size (Code + RO Data)                18448 (  18.02kB)
    Total RW  Size (RW Data + ZI Data)              4792 (   4.68kB)
    Total ROM Size (Code + RO Data + RW Data)      18676 (  18.24kB)

==============================================================================

